[20230403_23:21:17.481 ]

SynologyNAS login: root

Synology strongly advises you not to run commands as the root user, who has
the highest privileges on the system. Doing so may cause major damages
to the system. Please note that if you choose to proceed, all consequences are
at your own risk.



BusyBox v1.30.1 () built-in shell (ash)

SynologyNAS> lsmod
Module                  Size  Used by    Tainted: P  
epyc7002_synobios     102400  0 
adt7475                45056  0 
hwmon_vid              16384  1 adt7475
nfsv3                  45056  0 
nfs                   323584  1 nfsv3
nfs_ssc                16384  1 nfs
lockd                 110592  2 nfsv3,nfs
grace                  16384  1 lockd
sunrpc                512000  3 nfsv3,nfs,lockd
atlantic              270336  0 
r8168                 552960  0 
ixgbe                 311296  0 
vxlan                  65536  0 
ip6_udp_tunnel         16384  1 vxlan
udp_tunnel             20480  1 vxlan
vfat                   20480  0 
fat                    81920  1 vfat
crc_itu_t              16384  1 atlantic
sha256_generic         16384  0 
libsha256              20480  1 sha256_generic
synorbd                98304  0 
synofsbd               28672  0 
ast                    53248  0 
i2c_algo_bit           16384  1 ast
drm_vram_helper        16384  1 ast
drm_kms_helper        200704  4 ast,drm_vram_helper
fbcore                106496 67 ast,drm_kms_helper
fbdev                  16384  1 fbcore
drm_ttm_helper         16384  1 drm_vram_helper
ttm                    86016  2 drm_vram_helper,drm_ttm_helper
usbhid                 40960  0 
hid                   118784  1 usbhid
drm                   434176  6 ast,drm_vram_helper,drm_kms_helper,drm_ttm_helper,ttm
usbmouse               16384  0 
usbkbd                 16384  0 
drm_panel_orientation_quirks    24576  1 drm
hdmi                   24576  1 drm
usb_storage            61440  0 
backport_sa6400        69632  3 drm_kms_helper,ttm,drm,[permanent]
i40e                  561152  0 
igb                   188416  0 
backport_sa6400_export    16384  1 backport_sa6400
e1000e                180224  0 
auxiliary              16384  1 i40e
aacraid               126976  0 
video                  53248  0 
thermal                20480  0 
backlight              16384  2 drm,video
acpi_cpufreq           16384  0 
button                 20480  0 
xhci_pci               16384  0 
xhci_hcd              237568  1 xhci_pci
usbcore               249856  6 usbhid,usbmouse,usbkbd,usb_storage,xhci_pci,xhci_hcd
usb_common             16384  2 xhci_hcd,usbcore
redpill               180224  0 
SynologyNAS> SynologyNAS> lsmod
-ash: SynologyNAS: not found
SynologyNAS> Module                  Size  Used by    Tainted: P  
-ash: Module: not found
SynologyNAS> epyc7002_synobios     102400  0 
-ash: epyc7002_synobios: not found
SynologyNAS> adt7475                45056  0 
-ash: adt7475: not found
SynologyNAS> hwmon_vid              16384  1 adt7475
-ash: hwmon_vid: not found
SynologyNAS> nfsv3                  45056  0 
-ash: nfsv3: not found
SynologyNAS> nfs                   323584  1 nfsv3
-ash: nfs: not found
SynologyNAS> nfs_ssc                16384  1 nfs
-ash: nfs_ssc: not found
SynologyNAS> lockd                 110592  2 nfsv3,nfs
-ash: lockd: not found
SynologyNAS> grace                  16384  1 lockd
-ash: grace: not found
SynologyNAS> sunrpc                512000  3 nfsv3,nfs,lockd
-ash: sunrpc: not found
SynologyNAS> atlantic              270336  0 
-ash: atlantic: not found
SynologyNAS> r8168                 552960  0 
-ash: r8168: not found
SynologyNAS> ixgbe                 311296  0 
-ash: ixgbe: not found
SynologyNAS> vxlan                  65536  0 
-ash: vxlan: not found
SynologyNAS> ip6_udp_tunnel         16384  1 vxlan
-ash: ip6_udp_tunnel: not found
SynologyNAS> udp_tunnel             20480  1 vxlan
-ash: udp_tunnel: not found
SynologyNAS> vfat                   20480  0 
-ash: vfat: not found
SynologyNAS> fat                    81920  1 vfat
-ash: fat: not found
SynologyNAS> crc_itu_t              16384  1 atlantic
-ash: crc_itu_t: not found
SynologyNAS> sha256_generic         16384  0 
-ash: sha256_generic: not found
SynologyNAS> libsha256              20480  1 sha256_generic
-ash: libsha256: not found
SynologyNAS> synorbd                98304  0 
-ash: synorbd: not found
SynologyNAS> synofsbd               28672  0 
-ash: synofsbd: not found
SynologyNAS> ast                    53248  0 
-ash: ast: not found
SynologyNAS> i2c_algo_bit           16384  1 ast
-ash: i2c_algo_bit: not found
SynologyNAS> drm_vram_helper        16384  1 ast
-ash: drm_vram_helper: not found
SynologyNAS> drm_kms_helper        200704  4 ast,drm_vram_helper
-ash: drm_kms_helper: not found
SynologyNAS> fbcore                106496 67 ast,drm_kms_helper
-ash: fbcore: not found
SynologyNAS> fbdev                  16384  1 fbcore
-ash: fbdev: not found
SynologyNAS> drm_ttm_helper         16384  1 drm_vram_helper
-ash: drm_ttm_helper: not found
SynologyNAS> ttm                    86016  2 drm_vram_helper,drm_ttm_helper
-ash: ttm: not found
SynologyNAS> usbhid                 40960  0 
-ash: usbhid: not found
SynologyNAS> hid                   118784  1 usbhid
-ash: hid: not found
SynologyNAS> drm                   434176  6 ast,drm_vram_helper,drm_kms_helper,
drm_ttm_helper,ttm
-ash: drm: not found
SynologyNAS> usbmouse               16384  0 
-ash: usbmouse: not found
SynologyNAS> usbkbd                 16384  0 
-ash: usbkbd: not found
SynologyNAS> drm_panel_orientation_quirks    24576  1 drm
-ash: drm_panel_orientation_quirks: not found
SynologyNAS> hdmi                   24576  1 drm
-ash: hdmi: not found
SynologyNAS> usb_storage            61440  0 
-ash: usb_storage: not found
SynologyNAS> backport_sa6400        69632  3 drm_kms_helper,ttm,drm,[permanent]
-ash: backport_sa6400: not found
SynologyNAS> i40e                  561152  0 
-ash: i40e: not found
SynologyNAS> igb                   188416  0 
-ash: igb: not found
SynologyNAS> backport_sa6400_export    16384  1 backport_sa6400
-ash: backport_sa6400_export: not found
SynologyNAS> e1000e                180224  0 
-ash: e1000e: not found
SynologyNAS> auxiliary              16384  1 i40e
-ash: auxiliary: not found
SynologyNAS> aacraid               126976  0 
-ash: aacraid: not found
SynologyNAS> video                  53248  0 
-ash: video: not found
SynologyNAS> thermal                20480  0 
-ash: thermal: not found
SynologyNAS> backlight              16384  2 drm,video
-ash: backlight: not found
SynologyNAS> acpi_cpufreq           16384  0 
-ash: acpi_cpufreq: not found
SynologyNAS> button                 20480  0 
-ash: button: not found
SynologyNAS> xhci_pci               16384  0 
-ash: xhci_pci: not found
SynologyNAS> xhci_hcd              237568  1 xhci_pci
-ash: xhci_hcd: not found
SynologyNAS> usbcore               249856  6 usbhid,usbmouse,usbkbd,usb_storage,
xhci_pci,xhci_hcd
-ash: usbcore: not found
SynologyNAS> usb_common             16384  2 xhci_hcd,usbcore
-ash: usb_common: not found
SynologyNAS> redpill               180224  0 
-ash: redpill: not found
SynologyNAS> clear
-ash: clear: not found
SynologyNAS> SynologyNAS> aacraid               126976  0 
-ash: SynologyNAS: not found
SynologyNAS> ls /sys/block
nvme0n1   ram1      ram11     ram13     ram15     ram3      ram5      ram7      ram9
ram0      ram10     ram12     ram14     ram2      ram4      ram6      ram8      synoboot
SynologyNAS> lsmod | grep aacraid
aacraid               126976  0 
SynologyNAS> lsmod | grep aacraid
aacraid               126976  0 
SynologyNAS> ls /sys/block
nvme0n1   ram1      ram11     ram13     ram15     ram3      ram5      ram7      ram9
ram0      ram10     ram12     ram14     ram2      ram4      ram6      ram8      synoboot
SynologyNAS> lsmod | grep aacraid
aacraid               126976  0 
SynologyNAS> dmsesg
-ash: dmsesg: not found
SynologyNAS> dmesg
[    0.000000] Linux version 5.10.55+ (root@build2) (x86_64-pc-linux-gnu-gcc (GCC) 8.5.0, GNU ld (GNU Binutils) 2.30) #42962 SMP Tue Jan 31 23:54:31 CST 2023
[    0.000000] Command line: BOOT_IMAGE=/zImage-dsm console=ttyS0,115200n8 earlyprintk log_buf_len=32M earlycon=uart8250,io,0x3f8,115200n8 root=/dev/md0 loglevel=15 noefi syno_hw_version=SA6400 i915.enable_guc=2 netif_num=4 synoboot2 pid=0x5583 mac2=7e21363bcd3b mac3=7e21363bcd5b mac1=7e21363bcd1b mac4=7e21363bcd7b sn=0000XXXBN4YEE SMBusHddDynamicPower=1 vid=0x0781 vender_format_version=2 syno_ttyS1=serial,0x2f8 syno_ttyS0=serial,0x3f8
[    0.000000] KERNEL supported cpus:
[    0.000000]   Intel GenuineIntel
[    0.000000]   AMD AuthenticAMD
[    0.000000]   Hygon HygonGenuine
[    0.000000] x86/fpu: Supporting XSAVE feature 0x001: 'x87 floating point registers'
[    0.000000] x86/fpu: Supporting XSAVE feature 0x002: 'SSE registers'
[    0.000000] x86/fpu: Supporting XSAVE feature 0x004: 'AVX registers'
[    0.000000] x86/fpu: Supporting XSAVE feature 0x008: 'MPX bounds registers'
[    0.000000] x86/fpu: Supporting XSAVE feature 0x010: 'MPX CSR'
[    0.000000] x86/fpu: xstate_offset[2]:  576, xstate_sizes[2]:  256
[    0.000000] x86/fpu: xstate_offset[3]:  832, xstate_sizes[3]:   64
[    0.000000] x86/fpu: xstate_offset[4]:  896, xstate_sizes[4]:   64
[    0.000000] x86/fpu: Enabled xstate features 0x1f, context size is 960 bytes, using 'compacted' format.
[    0.000000] BIOS-provided physical RAM map:
[    0.000000] BIOS-e820: [mem 0x0000000000000000-0x000000000009afff] usable
[    0.000000] BIOS-e820: [mem 0x000000000009b000-0x000000000009ffff] reserved
[    0.000000] BIOS-e820: [mem 0x00000000000e0000-0x00000000000fffff] reserved
[    0.000000] BIOS-e820: [mem 0x0000000000100000-0x000000009a2f1fff] usable
[    0.000000] BIOS-e820: [mem 0x000000009a2f2000-0x000000009de5dfff] reserved
[    0.000000] BIOS-e820: [mem 0x000000009de5e000-0x000000009dfe6fff] usable
[    0.000000] BIOS-e820: [mem 0x000000009dfe7000-0x000000009e417fff] ACPI NVS
[    0.000000] BIOS-e820: [mem 0x000000009e418000-0x000000009ec0efff] reserved
[    0.000000] BIOS-e820: [mem 0x000000009ec0f000-0x000000009ec0ffff] usable
[    0.000000] BIOS-e820: [mem 0x000000009ec10000-0x000000009fffffff] reserved
[    0.000000] BIOS-e820: [mem 0x00000000e0000000-0x00000000efffffff] reserved
[    0.000000] BIOS-e820: [mem 0x00000000fe000000-0x00000000fe010fff] reserved
[    0.000000] BIOS-e820: [mem 0x00000000fec00000-0x00000000fec00fff] reserved
[    0.000000] BIOS-e820: [mem 0x00000000fed00000-0x00000000fed03fff] reserved
[    0.000000] BIOS-e820: [mem 0x00000000fee00000-0x00000000fee00fff] reserved
[    0.000000] BIOS-e820: [mem 0x00000000ff000000-0x00000000ffffffff] reserved
[    0.000000] BIOS-e820: [mem 0x0000000100000000-0x000000105bffffff] usable
[    0.000000] earlycon: uart8250 at I/O port 0x3f8 (options '115200n8')
[    0.000000] printk: bootconsole [uart8250] enabled
[    0.000000] NX (Execute Disable) protection: active
[    0.000000] SMBIOS 3.2.0 present.
[    0.000000] DMI: Supermicro Super Server/X11SCA-F, BIOS 1.8 11/04/2022
[    0.000000] tsc: Detected 2100.000 MHz processor
[    0.000000] tsc: Detected 2099.944 MHz TSC
[    0.001063] e820: update [mem 0x00000000-0x00000fff] usable ==> reserved
[    0.013913] e820: remove [mem 0x000a0000-0x000fffff] usable
[    0.020548] last_pfn = 0x105c000 max_arch_pfn = 0x400000000
[    0.027189] MTRR default type: write-back
[    0.031953] MTRR fixed ranges enabled:
[    0.036406]   00000-9FFFF write-back
[    0.040651]   A0000-BFFFF uncachable
[    0.044897]   C0000-FFFFF write-protect
[    0.049457] MTRR variable ranges enabled:
[    0.054221]   0 base 00C0000000 mask 7FC0000000 uncachable
[    0.060746]   1 base 00A0000000 mask 7FE0000000 uncachable
[    0.067268]   2 base 2000000000 mask 6000000000 uncachable
[    0.073793]   3 base 4000000000 mask 4000000000 uncachable
[    0.080319]   4 disabled
[    0.083323]   5 disabled
[    0.086323]   6 disabled
[    0.089327]   7 disabled
[    0.092332]   8 disabled
[    0.095336]   9 disabled
[    0.098792] x86/PAT: PAT support disabled because CONFIG_X86_PAT is disabled in the kernel.
[    0.112161] x86/PAT: Configuration [0-7]: WB  WT  UC- UC  WB  WT  UC- UC  
[    0.120349] last_pfn = 0x9ec10 max_arch_pfn = 0x400000000
[    0.136097] found SMP MP-table at [mem 0x000fcf30-0x000fcf3f]
[    0.142967] Using GB pages for direct mapping
[    0.170193] printk: log_buf_len: 33554432 bytes
[    0.175587] printk: early log buf free: 1044496(99%)
[    0.181493] RAMDISK: [mem 0x2e177000-0x330b2fff]
[    0.187415] ACPI: Early table checksum verification disabled
[    0.194155] ACPI: RSDP 0x00000000000F05B0 000024 (v02 SUPERM)
[    0.201002] ACPI: XSDT 0x000000009E2FA0C0 000104 (v01 SUPERM SUPERM   01072009 AMI  00010013)
[    0.211155] ACPI: FACP 0x000000009E338228 000114 (v06                 01072009 AMI  00010013)
[    0.221324] ACPI: DSDT 0x000000009E2FA260 03DFC6 (v02 SUPERM SMCI--MB 01072009 INTL 20160527)
[    0.231487] ACPI: FACS 0x000000009E417F80 000040
[    0.236978] ACPI: APIC 0x000000009E338340 00012C (v04                 01072009 AMI  00010013)
[    0.247133] ACPI: FPDT 0x000000009E338470 000044 (v01                 01072009 AMI  00010013)
[    0.257284] ACPI: FIDT 0x000000009E3384B8 00009C (v01 SUPERM SMCI--MB 01072009 AMI  00010013)
[    0.267435] ACPI: MCFG 0x000000009E338558 00003C (v01 SUPERM SMCI--MB 01072009 MSFT 00000097)
[    0.277590] ACPI: SPMI 0x000000009E338598 000041 (v05 SUPERM SMCI--MB 00000000 AMI. 00000000)
[    0.287741] ACPI: SSDT 0x000000009E3385E0 001B26 (v02 CpuRef CpuSsdt  00003000 INTL 20160527)
[    0.297887] ACPI: SSDT 0x000000009E33A108 0031E8 (v02 SaSsdt SaSsdt   00003000 INTL 20160527)
[    0.308038] ACPI: SSDT 0x000000009E33D2F0 0026A5 (v02 PegSsd PegSsdt  00001000 INTL 20160527)
[    0.318189] ACPI: HPET 0x000000009E33F998 000038 (v01 SUPERM SMCI--MB 00000002      01000013)
[    0.328344] ACPI: SSDT 0x000000009E33F9D0 001CD5 (v02 SUPERM CflS_Rvp 00001000 INTL 20160527)
[    0.338495] ACPI: SSDT 0x000000009E3416A8 000FAE (v02 SUPERM Ther_Rvp 00001000 INTL 20160527)
[    0.348650] ACPI: SSDT 0x000000009E342658 002FCF (v02 INTEL  xh_cfsd4 00000000 INTL 20160527)
[    0.358801] ACPI: UEFI 0x000000009E345628 000042 (v01 SUPERM SMCI--MB 00000002      01000013)
[    0.368947] ACPI: LPIT 0x000000009E345670 000094 (v01 SUPERM SMCI--MB 00000002      01000013)
[    0.379098] ACPI: SSDT 0x000000009E345708 0027DE (v02 SUPERM PtidDevc 00001000 INTL 20160527)
[    0.389249] ACPI: SSDT 0x000000009E347EE8 0014E2 (v02 SUPERM TbtTypeC 00000000 INTL 20160527)
[    0.399395] ACPI: DBGP 0x000000009E3493D0 000034 (v01 SUPERM SMCI--MB 00000002      01000013)
[    0.409546] ACPI: DBG2 0x000000009E349408 000054 (v00 SUPERM SMCI--MB 00000002      01000013)
[    0.419697] ACPI: SSDT 0x000000009E349460 001B74 (v02 SUPERM UsbCTabl 00001000 INTL 20160527)
[    0.429843] ACPI: SSDT 0x000000009E34AFD8 000144 (v02 Intel  ADebTabl 00001000 INTL 20160527)
[    0.439994] ACPI: TPM2 0x000000009E34B120 000034 (v04 SUPERM SMCI--MB 00000001 AMI  00000000)
[    0.450145] ACPI: DMAR 0x000000009E34B158 000070 (v01 INTEL  EDK2     00000002      01000013)
[    0.460291] ACPI: WSMT 0x000000009E34B1C8 000028 (v01 SUPERM          01072009 AMI  00010013)
[    0.470443] ACPI: EINJ 0x000000009E34B1F0 000130 (v01 AMI    AMI.EINJ 00000000 AMI. 00000000)
[    0.480593] ACPI: ERST 0x000000009E34B320 000230 (v01 AMIER  AMI.ERST 00000000 AMI. 00000000)
[    0.490748] ACPI: BERT 0x000000009E34B550 000030 (v01 AMI    AMI.BERT 00000000 AMI. 00000000)
[    0.500899] ACPI: HEST 0x000000009E34B580 00027C (v01 AMI    AMI.HEST 00000000 AMI. 00000000)
[    0.511050] ACPI: Reserving FACP table memory at [mem 0x9e338228-0x9e33833b]
[    0.519437] ACPI: Reserving DSDT table memory at [mem 0x9e2fa260-0x9e338225]
[    0.527829] ACPI: Reserving FACS table memory at [mem 0x9e417f80-0x9e417fbf]
[    0.536217] ACPI: Reserving APIC table memory at [mem 0x9e338340-0x9e33846b]
[    0.544605] ACPI: Reserving FPDT table memory at [mem 0x9e338470-0x9e3384b3]
[    0.552993] ACPI: Reserving FIDT table memory at [mem 0x9e3384b8-0x9e338553]
[    0.561385] ACPI: Reserving MCFG table memory at [mem 0x9e338558-0x9e338593]
[    0.569773] ACPI: Reserving SPMI table memory at [mem 0x9e338598-0x9e3385d8]
[    0.578161] ACPI: Reserving SSDT table memory at [mem 0x9e3385e0-0x9e33a105]
[    0.586548] ACPI: Reserving SSDT table memory at [mem 0x9e33a108-0x9e33d2ef]
[    0.594936] ACPI: Reserving SSDT table memory at [mem 0x9e33d2f0-0x9e33f994]
[    0.603324] ACPI: Reserving HPET table memory at [mem 0x9e33f998-0x9e33f9cf]
[    0.611712] ACPI: Reserving SSDT table memory at [mem 0x9e33f9d0-0x9e3416a4]
[    0.620100] ACPI: Reserving SSDT table memory at [mem 0x9e3416a8-0x9e342655]
[    0.628488] ACPI: Reserving SSDT table memory at [mem 0x9e342658-0x9e345626]
[    0.636876] ACPI: Reserving UEFI table memory at [mem 0x9e345628-0x9e345669]
[    0.645268] ACPI: Reserving LPIT table memory at [mem 0x9e345670-0x9e345703]
[    0.653656] ACPI: Reserving SSDT table memory at [mem 0x9e345708-0x9e347ee5]
[    0.662044] ACPI: Reserving SSDT table memory at [mem 0x9e347ee8-0x9e3493c9]
[    0.670432] ACPI: Reserving DBGP table memory at [mem 0x9e3493d0-0x9e349403]
[    0.678820] ACPI: Reserving DBG2 table memory at [mem 0x9e349408-0x9e34945b]
[    0.687208] ACPI: Reserving SSDT table memory at [mem 0x9e349460-0x9e34afd3]
[    0.695595] ACPI: Reserving SSDT table memory at [mem 0x9e34afd8-0x9e34b11b]
[    0.703983] ACPI: Reserving TPM2 table memory at [mem 0x9e34b120-0x9e34b153]
[    0.712376] ACPI: Reserving DMAR table memory at [mem 0x9e34b158-0x9e34b1c7]
[    0.720764] ACPI: Reserving WSMT table memory at [mem 0x9e34b1c8-0x9e34b1ef]
[    0.729152] ACPI: Reserving EINJ table memory at [mem 0x9e34b1f0-0x9e34b31f]
[    0.737539] ACPI: Reserving ERST table memory at [mem 0x9e34b320-0x9e34b54f]
[    0.745931] ACPI: Reserving BERT table memory at [mem 0x9e34b550-0x9e34b57f]
[    0.754319] ACPI: Reserving HEST table memory at [mem 0x9e34b580-0x9e34b7fb]
[    0.762718] ACPI: Local APIC address 0xfee00000
[    0.768319] No NUMA configuration found
[    0.772884] Faking a node at [mem 0x0000000000000000-0x000000105bffffff]
[    0.780863] NODE_DATA(0) allocated [mem 0x1052ffa000-0x1052ffdfff]
[    0.788296] Zone ranges:
[    0.791305]   DMA      [mem 0x0000000000001000-0x0000000000ffffff]
[    0.798657]   DMA32    [mem 0x0000000001000000-0x00000000ffffffff]
[    0.806011]   Normal   [mem 0x0000000100000000-0x000000105bffffff]
[    0.813364] Movable zone start for each node
[    0.818438] Early memory node ranges
[    0.822684]   node   0: [mem 0x0000000000001000-0x000000000009afff]
[    0.830140]   node   0: [mem 0x0000000000100000-0x000000009a2f1fff]
[    0.837598]   node   0: [mem 0x000000009de5e000-0x000000009dfe6fff]
[    0.845054]   node   0: [mem 0x000000009ec0f000-0x000000009ec0ffff]
[    0.852511]   node   0: [mem 0x0000000100000000-0x000000105bffffff]
[    0.859973] Initmem setup node 0 [mem 0x0000000000001000-0x000000105bffffff]
[    0.868375] On node 0 totalpages: 16737302
[    0.873245]   DMA zone: 64 pages used for memmap
[    0.878731]   DMA zone: 21 pages reserved
[    0.883499]   DMA zone: 3994 pages, LIFO batch:0
[    0.888986]   DMA32 zone: 9810 pages used for memmap
[    0.894891]   DMA32 zone: 627836 pages, LIFO batch:63
[    0.900895]   Normal zone: 251648 pages used for memmap
[    0.907111]   Normal zone: 16105472 pages, LIFO batch:63
[    0.913431] On node 0, zone DMA: 1 pages in unavailable ranges
[    0.913457] On node 0, zone DMA: 101 pages in unavailable ranges
[    0.924633] On node 0, zone DMA32: 15212 pages in unavailable ranges
[    0.931821] On node 0, zone DMA32: 3112 pages in unavailable ranges
[    1.043389] On node 0, zone Normal: 5104 pages in unavailable ranges
[    1.051046] On node 0, zone Normal: 16384 pages in unavailable ranges
[    1.059619] ACPI: PM-Timer IO Port: 0x1808
[    1.072153] ACPI: Local APIC address 0xfee00000
[    1.077547] ACPI: LAPIC_NMI (acpi_id[0x01] high edge lint[0x1])
[    1.084599] ACPI: LAPIC_NMI (acpi_id[0x02] high edge lint[0x1])
[    1.091642] ACPI: LAPIC_NMI (acpi_id[0x03] high edge lint[0x1])
[    1.098685] ACPI: LAPIC_NMI (acpi_id[0x04] high edge lint[0x1])
[    1.105728] ACPI: LAPIC_NMI (acpi_id[0x05] high edge lint[0x1])
[    1.112771] ACPI: LAPIC_NMI (acpi_id[0x06] high edge lint[0x1])
[    1.119814] ACPI: LAPIC_NMI (acpi_id[0x07] high edge lint[0x1])
[    1.126858] ACPI: LAPIC_NMI (acpi_id[0x08] high edge lint[0x1])
[    1.133900] ACPI: LAPIC_NMI (acpi_id[0x09] high edge lint[0x1])
[    1.140943] ACPI: LAPIC_NMI (acpi_id[0x0a] high edge lint[0x1])
[    1.147983] ACPI: LAPIC_NMI (acpi_id[0x0b] high edge lint[0x1])
[    1.155025] ACPI: LAPIC_NMI (acpi_id[0x0c] high edge lint[0x1])
[    1.162068] ACPI: LAPIC_NMI (acpi_id[0x0d] high edge lint[0x1])
[    1.169111] ACPI: LAPIC_NMI (acpi_id[0x0e] high edge lint[0x1])
[    1.176155] ACPI: LAPIC_NMI (acpi_id[0x0f] high edge lint[0x1])
[    1.183198] ACPI: LAPIC_NMI (acpi_id[0x10] high edge lint[0x1])
[    1.190303] IOAPIC[0]: apic_id 2, version 32, address 0xfec00000, GSI 0-119
[    1.198587] ACPI: INT_SRC_OVR (bus 0 bus_irq 0 global_irq 2 dfl dfl)
[    1.206146] ACPI: INT_SRC_OVR (bus 0 bus_irq 9 global_irq 9 high level)
[    1.214017] ACPI: IRQ0 used by override.
[    1.218677] ACPI: IRQ9 used by override.
[    1.223341] Using ACPI (MADT) for SMP configuration information
[    1.230384] ACPI: HPET id: 0x8086a201 base: 0xfed00000
[    1.236493] TSC deadline timer available
[    1.241151] smpboot: Allowing 16 CPUs, 0 hotplug CPUs
[    1.247181] PM: hibernation: Registered nosave memory: [mem 0x00000000-0x00000fff]
[    1.256196] PM: hibernation: Registered nosave memory: [mem 0x0009b000-0x0009ffff]
[    1.265207] PM: hibernation: Registered nosave memory: [mem 0x000a0000-0x000dffff]
[    1.274216] PM: hibernation: Registered nosave memory: [mem 0x000e0000-0x000fffff]
[    1.283225] PM: hibernation: Registered nosave memory: [mem 0x9a2f2000-0x9de5dfff]
[    1.292238] PM: hibernation: Registered nosave memory: [mem 0x9dfe7000-0x9e417fff]
[    1.301246] PM: hibernation: Registered nosave memory: [mem 0x9e418000-0x9ec0efff]
[    1.310260] PM: hibernation: Registered nosave memory: [mem 0x9ec10000-0x9fffffff]
[    1.319267] PM: hibernation: Registered nosave memory: [mem 0xa0000000-0xdfffffff]
[    1.328276] PM: hibernation: Registered nosave memory: [mem 0xe0000000-0xefffffff]
[    1.337288] PM: hibernation: Registered nosave memory: [mem 0xf0000000-0xfdffffff]
[    1.346297] PM: hibernation: Registered nosave memory: [mem 0xfe000000-0xfe010fff]
[    1.355310] PM: hibernation: Registered nosave memory: [mem 0xfe011000-0xfebfffff]
[    1.364318] PM: hibernation: Registered nosave memory: [mem 0xfec00000-0xfec00fff]
[    1.373331] PM: hibernation: Registered nosave memory: [mem 0xfec01000-0xfecfffff]
[    1.382340] PM: hibernation: Registered nosave memory: [mem 0xfed00000-0xfed03fff]
[    1.391352] PM: hibernation: Registered nosave memory: [mem 0xfed04000-0xfedfffff]
[    1.400361] PM: hibernation: Registered nosave memory: [mem 0xfee00000-0xfee00fff]
[    1.409374] PM: hibernation: Registered nosave memory: [mem 0xfee01000-0xfeffffff]
[    1.418383] PM: hibernation: Registered nosave memory: [mem 0xff000000-0xffffffff]
[    1.427397] [mem 0xa0000000-0xdfffffff] available for PCI devices
[    1.434648] clocksource: refined-jiffies: mask: 0xffffffff max_cycles: 0xffffffff, max_idle_ns: 1910969940391419 ns
[    1.452077] setup_percpu: NR_CPUS:24 nr_cpumask_bits:24 nr_cpu_ids:16 nr_node_ids:1
[    1.461649] percpu: Embedded 53 pages/cpu s176664 r8192 d32232 u262144
[    1.469430] pcpu-alloc: s176664 r8192 d32232 u262144 alloc=1*2097152
[    1.477000] pcpu-alloc: [0] 00 01 02 03 04 05 06 07 [0] 08 09 10 11 12 13 14 15 
[    1.485845] Built 1 zonelists, mobility grouping on.  Total pages: 16475759
[    1.494134] Policy zone: Normal
[    1.497864] Kernel command line: BOOT_IMAGE=/zImage-dsm console=ttyS0,115200n8 earlyprintk log_buf_len=32M earlycon=uart8250,io,0x3f8,115200n8 root=/dev/md0 loglevel=15 noefi syno_hw_version=SA6400 i915.enable_guc=2 netif_num=4 synoboot2 pid=0x5583 mac2=7e21363bcd3b mac3=7e21363bcd5b mac1=7e21363bcd1b mac4=7e21363bcd7b sn=0000XXXBN4YEE SMBusHddDynamicPower=1 vid=0x0781 vender_format_version=2 syno_ttyS1=serial,0x2f8 syno_ttyS0=serial,0x3f8
[    1.544402] Synology Hardware Version: SA6400
[    1.549621] Internal netif num: 4
[    1.553604] Mac2: 7e21363bcd3b
[    1.557243] Mac3: 7e21363bcd5b
[    1.560881] Mac1: 7e21363bcd1b
[    1.564523] Mac4: 7e21363bcd7b
[    1.568165] Serial Number: 0000XXXBN4YEE
[    1.572844] Support SMBus HDD Dynamic Power Control.
[    1.578782] Vender format version: 2
[    1.587707] Dentry cache hash table entries: 8388608 (order: 14, 67108864 bytes, linear)
[    1.696032] Inode-cache hash table entries: 4194304 (order: 13, 33554432 bytes, linear)
[    1.801065] mem auto-init: stack:off, heap alloc:off, heap free:off
[    2.034004] Memory: 65465016K/66949208K available (10248K kernel code, 4829K rwdata, 5624K rodata, 1356K init, 10960K bss, 1483936K reserved, 0K cma-reserved)
[    2.219825] SLUB: HWalign=64, Order=0-3, MinObjects=0, CPUs=16, Nodes=1
[    2.306451] ftrace: allocating 33596 entries in 132 pages
[    2.392117] ftrace: allocated 132 pages with 2 groups
[    2.458286] rcu: Hierarchical RCU implementation.
[    2.519804] rcu:     RCU restricting CPUs from NR_CPUS=24 to nr_cpu_ids=16.
[    2.607527]  Rude variant of Tasks RCU enabled.
[    2.666768]  Tracing variant of Tasks RCU enabled.
[    2.729423] rcu: RCU calculated value of scheduler-enlistment delay is 100 jiffies.
[    2.829677] rcu: Adjusting geometry for rcu_fanout_leaf=16, nr_cpu_ids=16
[    2.923812] NR_IRQS: 4352, nr_irqs: 2184, preallocated irqs: 16
[    3.002072] Console: colour dummy device 80x25
[    3.060239] ACPI: Core revision 20200925
[    3.112091] clocksource: hpet: mask: 0xffffffff max_cycles: 0xffffffff, max_idle_ns: 79635855245 ns
[    3.230724] APIC: Switch to symmetric I/O mode setup
[    3.295777] DMAR: Host address width 39
[    3.346004] DMAR: DRHD base: 0x000000fed91000 flags: 0x1
[    3.415604] DMAR: dmar0: reg_base_addr fed91000 ver 1:0 cap d2008c40660462 ecap f050da
[    3.519379] DMAR: RMRR base: 0x0000009e699000 end: 0x0000009e8e2fff
[    3.601508] DMAR-IR: IOAPIC id 2 under DRHD base  0xfed91000 IOMMU 0
[    3.684771] DMAR-IR: HPET id 0 under DRHD base 0xfed91000
[    3.755507] DMAR-IR: Queued invalidation will be enabled to support x2apic and Intr-remapping.
[    3.871591] DMAR-IR: Enabled IRQ remapping in x2apic mode
[    3.942301] x2apic enabled
[    3.977704] Switched APIC routing to cluster x2apic.
[    4.052138] ..TIMER: vector=0x30 apic1=0 pin1=2 apic2=-1 pin2=-1
[    4.135807] clocksource: tsc-early: mask: 0xffffffffffffffff max_cycles: 0x1e44fb6c2ab, max_idle_ns: 440795206594 ns
[    4.273719] Calibrating delay loop (skipped), value calculated using timer frequency.. 4199.88 BogoMIPS (lpj=2099944)
[    4.274720] pid_max: default: 32768 minimum: 301
[    4.275747] LSM: Security Framework initializing
[    4.276739] AppArmor: AppArmor initialized
[    4.277835] Mount-cache hash table entries: 131072 (order: 8, 1048576 bytes, linear)
[    4.278824] Mountpoint-cache hash table entries: 131072 (order: 8, 1048576 bytes, linear)
[    4.280035] mce: CPU0: Thermal monitoring enabled (TM1)
[    4.280761] process: using mwait in idle threads
[    4.281722] Last level iTLB entries: 4KB 64, 2MB 8, 4MB 8
[    4.282719] Last level dTLB entries: 4KB 64, 2MB 0, 4MB 0, 1GB 4
[    4.283725] Speculative Store Bypass: Vulnerable
[    4.284719] TAA: Mitigation: TSX disabled
[    4.285720] SRBDS: Mitigation: TSX disabled
[    4.286898] Freeing SMP alternatives memory: 32K
[    4.288806] smpboot: CPU0: Intel(R) Core(TM) i9-9900T CPU @ 2.10GHz (family: 0x6, model: 0x9e, stepping: 0xd)
[    4.289826] Performance Events: PEBS fmt3+, Skylake events, 32-deep LBR, full-width counters, Intel PMU driver.
[    4.290721] ... version:                4
[    4.291720] ... bit width:              48
[    4.292719] ... generic registers:      4
[    4.293720] ... value mask:             0000ffffffffffff
[    4.294720] ... max period:             00007fffffffffff
[    4.295719] ... fixed-purpose events:   3
[    4.296719] ... event mask:             000000070000000f
[    4.297833] rcu: Hierarchical SRCU implementation.
[    4.299700] NMI watchdog: Enabled. Permanently consumes one hw-PMU counter.
[    4.299841] smp: Bringing up secondary CPUs ...
[    4.300793] x86: Booting SMP configuration:
[    4.301722] .... node  #0, CPUs:        #1  #2  #3  #4  #5  #6  #7  #8  #9 #10 #11 #12 #13 #14 #15
[    4.315607] smp: Brought up 1 node, 16 CPUs
[    4.316722] smpboot: Max logical packages: 1
[    4.317721] smpboot: Total of 16 processors activated (67198.20 BogoMIPS)
[    4.320622] devtmpfs: initialized
[    4.320925] random: get_random_u32 called from bucket_table_alloc.isra.31+0x66/0x150 with crng_init=0
[    4.320936] PM: Registering ACPI NVS region [mem 0x9dfe7000-0x9e417fff] (4395008 bytes)
[    4.322817] clocksource: jiffies: mask: 0xffffffff max_cycles: 0xffffffff, max_idle_ns: 1911260446275000 ns
[    4.323724] futex hash table entries: 4096 (order: 6, 262144 bytes, linear)
[    4.324789] pinctrl core: initialized pinctrl subsystem
[    4.325892] NET: Registered protocol family 16
[    4.326883] audit: initializing netlink subsys (disabled)
[    4.327729] audit: type=2000 audit(1680534966.074:1): state=initialized audit_enabled=0 res=1
[    4.327840] thermal_sys: Registered thermal governor 'step_wise'
[    4.328740] cpuidle: using governor ladder
[    4.330726] cpuidle: using governor menu
[    4.331804] ACPI FADT declares the system doesn't support PCIe ASPM, so disable it
[    4.332721] ACPI: bus type PCI registered
[    4.333720] acpiphp: ACPI Hot Plug PCI Controller Driver version: 0.5
[    4.334810] PCI: MMCONFIG for domain 0000 [bus 00-ff] at [mem 0xe0000000-0xefffffff] (base 0xe0000000)
[    4.335721] PCI: MMCONFIG at [mem 0xe0000000-0xefffffff] reserved in E820
[    4.336735] PCI: Using configuration type 1 for base access
[    4.338257] ENERGY_PERF_BIAS: Set to 'normal', was 'performance'
[    4.340581] Kprobes globally optimized
[    4.340756] ACPI: Added _OSI(Module Device)
[    4.395723] ACPI: Added _OSI(Processor Device)
[    4.453722] ACPI: Added _OSI(3.0 _SCP Extensions)
[    4.514721] ACPI: Added _OSI(Processor Aggregator Device)
[    4.585722] ACPI: Added _OSI(Linux-Dell-Video)
[    4.643722] ACPI: Added _OSI(Linux-Lenovo-NV-HDMI-Audio)
[    4.712722] ACPI: Added _OSI(Linux-HPI-Hybrid-Graphics)
[    4.859264] ACPI: 11 ACPI AML tables successfully acquired and loaded
[    4.953784] ACPI: Dynamic OEM Table Load:
[    5.005726] ACPI: SSDT 0xFFFF888101C48300 0000F4 (v02 PmRef  Cpu0Psd  00003000 INTL 20160527)
[    5.118097] ACPI: \_SB_.PR00: _OSC native thermal LVT Acked
[    5.193300] ACPI: Dynamic OEM Table Load:
[    5.245726] ACPI: SSDT 0xFFFF888101BC9000 000400 (v02 PmRef  Cpu0Cst  00003001 INTL 20160527)
[    5.358196] ACPI: Dynamic OEM Table Load:
[    5.410725] ACPI: SSDT 0xFFFF888100CAB800 0004BB (v02 PmRef  Cpu0Ist  00003000 INTL 20160527)
[    5.523249] ACPI: Dynamic OEM Table Load:
[    5.575724] ACPI: SSDT 0xFFFF888101417200 000128 (v02 PmRef  Cpu0Hwp  00003000 INTL 20160527)
[    5.689079] ACPI: Dynamic OEM Table Load:
[    5.740727] ACPI: SSDT 0xFFFF888100CAC000 000724 (v02 PmRef  HwpLvt   00003000 INTL 20160527)
[    5.854384] ACPI: Dynamic OEM Table Load:
[    5.906726] ACPI: SSDT 0xFFFF888100CAD800 0005FC (v02 PmRef  ApIst    00003000 INTL 20160527)
[    6.019260] ACPI: Dynamic OEM Table Load:
[    6.071725] ACPI: SSDT 0xFFFF888101BC9400 000317 (v02 PmRef  ApHwp    00003000 INTL 20160527)
[    6.185248] ACPI: Dynamic OEM Table Load:
[    6.236726] ACPI: SSDT 0xFFFF88810019F000 000AB0 (v02 PmRef  ApPsd    00003000 INTL 20160527)
[    6.350724] ACPI: Dynamic OEM Table Load:
[    6.402725] ACPI: SSDT 0xFFFF888101BC9800 00030A (v02 PmRef  ApCst    00003000 INTL 20160527)
[    6.523672] ACPI: Interpreter enabled
[    6.570744] ACPI: (supports S0 S4 S5)
[    6.618723] ACPI: Using IOAPIC for interrupt routing
[    6.683771] PCI: Using host bridge windows from ACPI; if necessary, use "pci=nocrs" and report a bug
[    6.804965] ACPI: Enabled 9 GPEs in block 00 to 7F
[    6.884739] ACPI: Power Resource [USBC] (on)
[    6.940910] ACPI: Power Resource [PAUD] (on)
[    7.000233] ACPI: Power Resource [V0PR] (on)
[    7.056731] ACPI: Power Resource [V1PR] (on)
[    7.112731] ACPI: Power Resource [V2PR] (on)
[    7.171924] ACPI: Power Resource [PXTC] (on)
[    7.231624] ACPI: Power Resource [WRST] (on)
[    7.292831] ACPI: Power Resource [FN00] (off)
[    7.349820] ACPI: Power Resource [FN01] (off)
[    7.406816] ACPI: Power Resource [FN02] (off)
[    7.463816] ACPI: Power Resource [FN03] (off)
[    7.520815] ACPI: Power Resource [FN04] (off)
[    7.578738] ACPI: Power Resource [PIN] (off)
[    7.634904] ACPI: Power Resource [SPR0] (off)
[    7.691788] ACPI: Power Resource [SPR1] (off)
[    7.748787] ACPI: Power Resource [SPR2] (off)
[    7.805787] ACPI: Power Resource [SPR3] (off)
[    7.862787] ACPI: Power Resource [SPR5] (off)
[    7.920061] ACPI: Power Resource [ZPDR] (off)
[    7.977129] ACPI: PCI Root Bridge [PCI0] (domain 0000 [bus 00-fe])
[    8.057730] acpi PNP0A08:00: _OSC: OS supports [ExtendedConfig ASPM ClockPM Segments MSI HPX-Type3]
[    8.178374] acpi PNP0A08:00: _OSC: platform does not support [AER]
[    8.261748] acpi PNP0A08:00: _OSC: OS now controls [PCIeHotplug PME PCIeCapability LTR]
[    8.366723] acpi PNP0A08:00: FADT indicates ASPM is unsupported, using BIOS configuration
[    8.474729] PCI host bridge to bus 0000:00
[    8.527723] pci_bus 0000:00: root bus resource [io  0x0000-0x0cf7 window]
[    8.616723] pci_bus 0000:00: root bus resource [io  0x0d00-0xffff window]
[    8.705722] pci_bus 0000:00: root bus resource [mem 0x000a0000-0x000bffff window]
[    8.802722] pci_bus 0000:00: root bus resource [mem 0xa0000000-0xdfffffff window]
[    8.900722] pci_bus 0000:00: root bus resource [mem 0xfc800000-0xfe7fffff window]
[    8.998723] pci_bus 0000:00: root bus resource [bus 00-fe]
[    9.070749] pci 0000:00:00.0: [8086:3e30] type 00 class 0x060000
[    9.149732] pci 0000:00:01.0: [8086:1901] type 01 class 0x060400
[    9.227774] pci 0000:00:01.0: PME# supported from D0 D3hot D3cold
[    9.307940] pci 0000:00:01.1: [8086:1905] type 01 class 0x060400
[    9.386772] pci 0000:00:01.1: PME# supported from D0 D3hot D3cold
[    9.467059] pci 0000:00:08.0: [8086:1911] type 00 class 0x088000
[    9.544733] pci 0000:00:08.0: reg 0x10: [mem 0xa223c000-0xa223cfff 64bit]
[    9.633994] pci 0000:00:12.0: [8086:a379] type 00 class 0x118000
[    9.712766] pci 0000:00:12.0: reg 0x10: [mem 0xa223b000-0xa223bfff 64bit]
[    9.802120] pci 0000:00:14.0: [8086:a36d] type 00 class 0x0c0330
[    9.880765] pci 0000:00:14.0: reg 0x10: [mem 0xa2220000-0xa222ffff 64bit]
[    9.969897] pci 0000:00:14.0: PME# supported from D3hot D3cold
[   10.046258] pci 0000:00:14.2: [8086:a36f] type 00 class 0x050000
[   10.124774] pci 0000:00:14.2: reg 0x10: [mem 0xa2234000-0xa2235fff 64bit]
[   10.213751] pci 0000:00:14.2: reg 0x18: [mem 0xa223a000-0xa223afff 64bit]
[   10.303430] pci 0000:00:15.0: [8086:a368] type 00 class 0x0c8000
[   10.382299] pci 0000:00:15.0: reg 0x10: [mem 0x00000000-0x00000fff 64bit]
[   10.473744] pci 0000:00:15.1: [8086:a369] type 00 class 0x0c8000
[   10.552312] pci 0000:00:15.1: reg 0x10: [mem 0x00000000-0x00000fff 64bit]
[   10.644374] pci 0000:00:1b.0: [8086:a340] type 01 class 0x060400
[   10.722982] pci 0000:00:1b.0: PME# supported from D0 D3hot D3cold
[   10.803099] pci 0000:00:1b.4: [8086:a32c] type 01 class 0x060400
[   10.881980] pci 0000:00:1b.4: PME# supported from D0 D3hot D3cold
[   10.962092] pci 0000:00:1c.0: [8086:a338] type 01 class 0x060400
[   11.040979] pci 0000:00:1c.0: PME# supported from D0 D3hot D3cold
[   11.120743] pci 0000:00:1c.5: [8086:a33d] type 01 class 0x060400
[   11.198980] pci 0000:00:1c.5: PME# supported from D0 D3hot D3cold
[   11.279743] pci 0000:00:1c.6: [8086:a33e] type 01 class 0x060400
[   11.357981] pci 0000:00:1c.6: PME# supported from D0 D3hot D3cold
[   11.438058] pci 0000:00:1c.7: [8086:a33f] type 01 class 0x060400
[   11.516981] pci 0000:00:1c.7: PME# supported from D0 D3hot D3cold
[   11.597454] pci 0000:00:1e.0: [8086:a328] type 00 class 0x078000
[   11.676311] pci 0000:00:1e.0: reg 0x10: [mem 0x00000000-0x00000fff 64bit]
[   11.767746] pci 0000:00:1f.0: [8086:a309] type 00 class 0x060100
[   11.846744] pci 0000:00:1f.3: [8086:a348] type 00 class 0x040300
[   11.924804] pci 0000:00:1f.3: reg 0x10: [mem 0xa2230000-0xa2233fff 64bit]
[   12.013823] pci 0000:00:1f.3: reg 0x20: [mem 0xa2100000-0xa21fffff 64bit]
[   12.102901] pci 0000:00:1f.3: PME# supported from D3hot D3cold
[   12.179747] pci 0000:00:1f.4: [8086:a323] type 00 class 0x0c0500
[   12.258905] pci 0000:00:1f.4: reg 0x10: [mem 0xa2236000-0xa22360ff 64bit]
[   12.347937] pci 0000:00:1f.4: reg 0x20: [io  0xefa0-0xefbf]
[   12.421169] pci 0000:00:1f.5: [8086:a324] type 00 class 0x0c8000
[   12.499770] pci 0000:00:1f.5: reg 0x10: [mem 0xfe010000-0xfe010fff]
[   12.582016] pci 0000:00:1f.6: [8086:15bb] type 00 class 0x020000
[   12.660772] pci 0000:00:1f.6: reg 0x10: [mem 0xa2200000-0xa221ffff]
[   12.743009] pci 0000:00:1f.6: PME# supported from D0 D3hot D3cold
[   12.822744] pci 0000:01:00.0: [9005:028d] type 00 class 0x010700
[   12.900734] pci 0000:01:00.0: reg 0x10: [mem 0xa3b00000-0xa3bfffff 64bit]
[   12.989729] pci 0000:01:00.0: reg 0x18: [mem 0xa3c80000-0xa3c803ff 64bit]
[   13.078727] pci 0000:01:00.0: reg 0x20: [io  0x5000-0x50ff]
[   13.150731] pci 0000:01:00.0: reg 0x30: [mem 0xa3c00000-0xa3c7ffff pref]
[   13.238763] pci 0000:01:00.0: PME# supported from D0 D1 D3hot
[   13.313794] pci 0000:00:01.0: PCI bridge to [bus 01]
[   13.378724] pci 0000:00:01.0:   bridge window [io  0x5000-0x5fff]
[   13.458723] pci 0000:00:01.0:   bridge window [mem 0xa3b00000-0xa3cfffff]
[   13.547774] pci 0000:02:00.0: [8086:1572] type 00 class 0x020000
[   13.625739] pci 0000:02:00.0: reg 0x10: [mem 0xa3000000-0xa37fffff 64bit pref]
[   13.720739] pci 0000:02:00.0: reg 0x1c: [mem 0xa3908000-0xa390ffff 64bit pref]
[   13.814758] pci 0000:02:00.0: reg 0x30: [mem 0xa3880000-0xa38fffff pref]
[   13.902790] pci 0000:02:00.0: PME# supported from D0 D3hot D3cold
[   13.981745] pci 0000:02:00.0: reg 0x184: [mem 0x00000000-0x0000ffff 64bit pref]
[   14.077723] pci 0000:02:00.0: VF(n) BAR0 space: [mem 0x00000000-0x003fffff 64bit pref] (contains BAR0 for 64 VFs)
[   14.211737] pci 0000:02:00.0: reg 0x190: [mem 0x00000000-0x00003fff 64bit pref]
[   14.307723] pci 0000:02:00.0: VF(n) BAR3 space: [mem 0x00000000-0x000fffff 64bit pref] (contains BAR3 for 64 VFs)
[   14.441924] pci 0000:02:00.1: [8086:1572] type 00 class 0x020000
[   14.520739] pci 0000:02:00.1: reg 0x10: [mem 0xa2800000-0xa2ffffff 64bit pref]
[   14.614739] pci 0000:02:00.1: reg 0x1c: [mem 0xa3900000-0xa3907fff 64bit pref]
[   14.708736] pci 0000:02:00.1: reg 0x30: [mem 0xa3800000-0xa387ffff pref]
[   14.796786] pci 0000:02:00.1: PME# supported from D0 D3hot D3cold
[   14.876744] pci 0000:02:00.1: reg 0x184: [mem 0x00000000-0x0000ffff 64bit pref]
[   14.971723] pci 0000:02:00.1: VF(n) BAR0 space: [mem 0x00000000-0x003fffff 64bit pref] (contains BAR0 for 64 VFs)
[   15.106736] pci 0000:02:00.1: reg 0x190: [mem 0x00000000-0x00003fff 64bit pref]
[   15.201722] pci 0000:02:00.1: VF(n) BAR3 space: [mem 0x00000000-0x000fffff 64bit pref] (contains BAR3 for 64 VFs)
[   15.336732] pci 0000:00:01.1: PCI bridge to [bus 02]
[   15.400725] pci 0000:00:01.1:   bridge window [mem 0xa2800000-0xa39fffff]
[   15.489725] pci 0000:00:01.1: bridge has subordinate 02 but max busn 03
[   15.576865] pci 0000:00:1b.0: PCI bridge to [bus 03]
[   15.641928] pci 0000:04:00.0: [144d:a808] type 00 class 0x010802
[   15.719789] pci 0000:04:00.0: reg 0x10: [mem 0xa3e00000-0xa3e03fff 64bit]
[   15.809747] pci 0000:00:1b.4: PCI bridge to [bus 04]
[   15.874732] pci 0000:00:1b.4:   bridge window [mem 0xa3e00000-0xa3efffff]
[   15.962862] pci 0000:00:1c.0: PCI bridge to [bus 05]
[   16.027934] pci 0000:06:00.0: [8086:1533] type 00 class 0x020000
[   16.106788] pci 0000:06:00.0: reg 0x10: [mem 0xa3d00000-0xa3d7ffff]
[   16.188780] pci 0000:06:00.0: reg 0x18: [io  0x4000-0x401f]
[   16.261756] pci 0000:06:00.0: reg 0x1c: [mem 0xa3d80000-0xa3d83fff]
[   16.344012] pci 0000:06:00.0: PME# supported from D0 D3hot D3cold
[   16.423962] pci 0000:00:1c.5: PCI bridge to [bus 06]
[   16.488729] pci 0000:00:1c.5:   bridge window [io  0x4000-0x4fff]
[   16.568726] pci 0000:00:1c.5:   bridge window [mem 0xa3d00000-0xa3dfffff]
[   16.656893] pci 0000:07:00.0: [1a03:1150] type 01 class 0x060400
[   16.735830] pci 0000:07:00.0: enabling Extended Tags
[   16.800853] pci 0000:07:00.0: supports D1 D2
[   16.856721] pci 0000:07:00.0: PME# supported from D0 D1 D2 D3hot D3cold
[   16.942890] pci 0000:00:1c.6: PCI bridge to [bus 07-08]
[   17.011727] pci 0000:00:1c.6:   bridge window [io  0x3000-0x3fff]
[   17.090729] pci 0000:00:1c.6:   bridge window [mem 0xa1000000-0xa20fffff]
[   17.179802] pci_bus 0000:08: extended config space not accessible
[   17.259773] pci 0000:08:00.0: [1a03:2000] type 00 class 0x030000
[   17.338754] pci 0000:08:00.0: reg 0x10: [mem 0xa1000000-0xa1ffffff]
[   17.420741] pci 0000:08:00.0: reg 0x14: [mem 0xa2000000-0xa201ffff]
[   17.501741] pci 0000:08:00.0: reg 0x18: [io  0x3000-0x307f]
[   17.574876] pci 0000:08:00.0: supports D1 D2
[   17.630723] pci 0000:08:00.0: PME# supported from D0 D1 D2 D3hot D3cold
[   17.717885] pci 0000:07:00.0: PCI bridge to [bus 08]
[   17.782734] pci 0000:07:00.0:   bridge window [io  0x3000-0x3fff]
[   17.861727] pci 0000:07:00.0:   bridge window [mem 0xa1000000-0xa20fffff]
[   17.950929] pci 0000:09:00.0: [10e3:8113] type 01 class 0x060401
[   18.030022] pci 0000:09:00.0: PME# supported from D0 D1 D2 D3hot D3cold
[   18.116738] pci 0000:00:1c.7: PCI bridge to [bus 09-0a]
[   18.184807] pci_bus 0000:0a: extended config space not accessible
[   18.264864] pci 0000:09:00.0: PCI bridge to [bus 0a] (subtractive decode)
[   18.355742] ACPI: PCI Interrupt Link [LNKA] (IRQs 3 4 5 6 10 11 12 14 15) *0
[   18.447819] ACPI: PCI Interrupt Link [LNKB] (IRQs 3 4 5 6 10 11 12 14 15) *1
[   18.539816] ACPI: PCI Interrupt Link [LNKC] (IRQs 3 4 5 6 10 11 12 14 15) *0
[   18.632815] ACPI: PCI Interrupt Link [LNKD] (IRQs 3 4 5 6 10 11 12 14 15) *0
[   18.724815] ACPI: PCI Interrupt Link [LNKE] (IRQs 3 4 5 6 10 11 12 14 15) *0
[   18.816815] ACPI: PCI Interrupt Link [LNKF] (IRQs 3 4 5 6 10 11 12 14 15) *0
[   18.908815] ACPI: PCI Interrupt Link [LNKG] (IRQs 3 4 5 6 10 11 12 14 15) *0
[   19.001815] ACPI: PCI Interrupt Link [LNKH] (IRQs 3 4 5 6 10 11 12 14 15) *0
[   19.095124] iommu: Default domain type: Passthrough (set via kernel command line)
[   19.192747] pci 0000:08:00.0: vgaarb: setting as boot VGA device
[   19.193718] pci 0000:08:00.0: vgaarb: VGA device added: decodes=io+mem,owns=io+mem,locks=none
[   19.382730] pci 0000:08:00.0: vgaarb: bridge control possible
[   19.457722] vgaarb: loaded
[   19.493774] SCSI subsystem initialized
[   19.542743] libata version 3.00 loaded.
[   19.592751] pps_core: LinuxPPS API ver. 1 registered
[   19.657723] pps_core: Software ver. 5.3.6 - Copyright 2005-2007 Rodolfo Giometti <giometti@linux.it>
[   19.776727] PTP clock support registered
[   19.827745] EDAC MC: Ver: 3.0.0
[   19.869897] PCI: Using ACPI for IRQ routing
[   20.008137] PCI: pci_cache_line_size set to 64 bytes
[   20.073161] e820: reserve RAM buffer [mem 0x0009b000-0x0009ffff]
[   20.151723] e820: reserve RAM buffer [mem 0x9a2f2000-0x9bffffff]
[   20.230723] e820: reserve RAM buffer [mem 0x9dfe7000-0x9fffffff]
[   20.308722] e820: reserve RAM buffer [mem 0x9ec10000-0x9fffffff]
[   20.387844] clocksource: Switched to clocksource tsc-early
[   20.471943] VFS: Disk quotas dquot_6.6.0
[   20.523293] VFS: Dquot-cache hash table entries: 512 (order 0, 4096 bytes)
[   20.613354] AppArmor: AppArmor Filesystem Enabled
[   20.674933] pnp: PnP ACPI init
[   20.714984] system 00:00: [mem 0x40000000-0x403fffff] could not be reserved
[   20.806131] system 00:00: Plug and Play ACPI device, IDs PNP0c02 (active)
[   20.895133] system 00:01: Plug and Play ACPI device, IDs PNP0c02 (active)
[   20.984607] pnp 00:02: [dma 0 disabled]
[   21.034859] pnp 00:02: Plug and Play ACPI device, IDs PNP0501 (active)
[   21.120642] system 00:03: [io  0x0a00-0x0a1f] has been reserved
[   21.198139] system 00:03: [io  0x0a20-0x0a2f] has been reserved
[   21.275603] system 00:03: [io  0x0a30-0x0a3f] has been reserved
[   21.353068] system 00:03: [io  0x0a40-0x0a4f] has been reserved
[   21.430543] system 00:03: Plug and Play ACPI device, IDs PNP0c02 (active)
[   21.519947] pnp 00:04: [dma 0 disabled]
[   21.570183] pnp 00:04: Plug and Play ACPI device, IDs PNP0501 (active)
[   21.655877] system 00:05: [io  0x0680-0x069f] has been reserved
[   21.733373] system 00:05: [io  0x164e-0x164f] has been reserved
[   21.810847] system 00:05: Plug and Play ACPI device, IDs PNP0c02 (active)
[   21.899843] system 00:06: [io  0x1854-0x1857] has been reserved
[   21.977387] system 00:06: Plug and Play ACPI device, IDs INT3f0d PNP0c02 (active)
[   22.075599] system 00:07: [mem 0xfed10000-0xfed17fff] has been reserved
[   22.162269] system 00:07: [mem 0xfed18000-0xfed18fff] has been reserved
[   22.248854] system 00:07: [mem 0xfed19000-0xfed19fff] has been reserved
[   22.335466] system 00:07: [mem 0xe0000000-0xefffffff] has been reserved
[   22.422029] system 00:07: [mem 0xfed20000-0xfed3ffff] has been reserved
[   22.508624] system 00:07: [mem 0xfed90000-0xfed93fff] could not be reserved
[   22.599774] system 00:07: [mem 0xfed45000-0xfed8ffff] has been reserved
[   22.686368] system 00:07: [mem 0xfee00000-0xfeefffff] could not be reserved
[   22.777519] system 00:07: Plug and Play ACPI device, IDs PNP0c02 (active)
[   22.866662] system 00:08: [io  0x1800-0x18fe] could not be reserved
[   22.948729] system 00:08: [mem 0xfd000000-0xfd69ffff] has been reserved
[   23.035309] system 00:08: [mem 0xfd6c0000-0xfd6cffff] has been reserved
[   23.121891] system 00:08: [mem 0xfd6f0000-0xfdffffff] has been reserved
[   23.208480] system 00:08: [mem 0xfe000000-0xfe01ffff] could not be reserved
[   23.299631] system 00:08: [mem 0xfe200000-0xfe7fffff] has been reserved
[   23.386217] system 00:08: [mem 0xff000000-0xffffffff] has been reserved
[   23.472812] system 00:08: Plug and Play ACPI device, IDs PNP0c02 (active)
[   23.562043] system 00:09: [io  0x2000-0x20fe] has been reserved
[   23.639566] system 00:09: Plug and Play ACPI device, IDs PNP0c02 (active)
[   23.729803] system 00:0a: [mem 0xfd6e0000-0xfd6effff] has been reserved
[   23.816468] system 00:0a: [mem 0xfd6d0000-0xfd6dffff] has been reserved
[   23.903057] system 00:0a: [mem 0xfd6b0000-0xfd6bffff] has been reserved
[   23.989651] system 00:0a: [mem 0xfd6a0000-0xfd6affff] has been reserved
[   24.076251] system 00:0a: Plug and Play ACPI device, IDs PNP0c02 (active)
[   24.166389] pnp: PnP ACPI: found 11 devices
[   24.227084] clocksource: acpi_pm: mask: 0xffffff max_cycles: 0xffffff, max_idle_ns: 2085701024 ns
[   24.343398] NET: Registered protocol family 2
[   24.400620] IP idents hash table entries: 262144 (order: 9, 2097152 bytes, linear)
[   24.502095] tcp_listen_portaddr_hash hash table entries: 32768 (order: 7, 524288 bytes, linear)
[   24.616161] TCP established hash table entries: 524288 (order: 10, 4194304 bytes, linear)
[   24.723840] TCP bind hash table entries: 65536 (order: 8, 1048576 bytes, linear)
[   24.820851] TCP: Hash tables configured (established 524288 bind 65536)
[   24.907476] UDP hash table entries: 32768 (order: 8, 1048576 bytes, linear)
[   24.998832] UDP-Lite hash table entries: 32768 (order: 8, 1048576 bytes, linear)
[   25.095917] NET: Registered protocol family 1
[   25.152940] pci 0000:00:01.1: bridge window [mem 0x00100000-0x000fffff 64bit pref] to [bus 02] add_size a00000 add_align 100000
[   25.303339] pci 0000:00:01.1: BAR 15: assigned [mem 0xa0000000-0xa09fffff 64bit pref]
[   25.405871] pci 0000:00:15.0: BAR 0: assigned [mem 0xa0a00000-0xa0a00fff 64bit]
[   25.501838] pci 0000:00:15.1: BAR 0: assigned [mem 0xa0a01000-0xa0a01fff 64bit]
[   25.597850] pci 0000:00:1e.0: BAR 0: assigned [mem 0xa0a02000-0xa0a02fff 64bit]
[   25.693866] pci 0000:00:01.0: PCI bridge to [bus 01]
[   25.758849] pci 0000:00:01.0:   bridge window [io  0x5000-0x5fff]
[   25.838604] pci 0000:00:01.0:   bridge window [mem 0xa3b00000-0xa3cfffff]
[   25.927479] pci 0000:02:00.0: BAR 7: assigned [mem 0xa0000000-0xa03fffff 64bit pref]
[   26.028886] pci 0000:02:00.1: BAR 7: assigned [mem 0xa0400000-0xa07fffff 64bit pref]
[   26.130291] pci 0000:02:00.0: BAR 10: assigned [mem 0xa0800000-0xa08fffff 64bit pref]
[   26.232843] pci 0000:02:00.1: BAR 10: assigned [mem 0xa0900000-0xa09fffff 64bit pref]
[   26.335387] pci 0000:00:01.1: PCI bridge to [bus 02]
[   26.400328] pci 0000:00:01.1:   bridge window [mem 0xa2800000-0xa39fffff]
[   26.489198] pci 0000:00:01.1:   bridge window [mem 0xa0000000-0xa09fffff 64bit pref]
[   26.590605] pci 0000:00:1b.0: PCI bridge to [bus 03]
[   26.655574] pci 0000:00:1b.4: PCI bridge to [bus 04]
[   26.720505] pci 0000:00:1b.4:   bridge window [mem 0xa3e00000-0xa3efffff]
[   26.809379] pci 0000:00:1c.0: PCI bridge to [bus 05]
[   26.874335] pci 0000:00:1c.5: PCI bridge to [bus 06]
[   26.939256] pci 0000:00:1c.5:   bridge window [io  0x4000-0x4fff]
[   27.019021] pci 0000:00:1c.5:   bridge window [mem 0xa3d00000-0xa3dfffff]
[   27.107904] pci 0000:07:00.0: PCI bridge to [bus 08]
[   27.172837] pci 0000:07:00.0:   bridge window [io  0x3000-0x3fff]
[   27.252597] pci 0000:07:00.0:   bridge window [mem 0xa1000000-0xa20fffff]
[   27.341471] pci 0000:00:1c.6: PCI bridge to [bus 07-08]
[   27.409825] pci 0000:00:1c.6:   bridge window [io  0x3000-0x3fff]
[   27.489583] pci 0000:00:1c.6:   bridge window [mem 0xa1000000-0xa20fffff]
[   27.578467] pci 0000:09:00.0: PCI bridge to [bus 0a]
[   27.643418] pci 0000:00:1c.7: PCI bridge to [bus 09-0a]
[   27.711782] pci_bus 0000:00: resource 4 [io  0x0000-0x0cf7 window]
[   27.792654] pci_bus 0000:00: resource 5 [io  0x0d00-0xffff window]
[   27.873553] pci_bus 0000:00: resource 6 [mem 0x000a0000-0x000bffff window]
[   27.963562] pci_bus 0000:00: resource 7 [mem 0xa0000000-0xdfffffff window]
[   28.053570] pci_bus 0000:00: resource 8 [mem 0xfc800000-0xfe7fffff window]
[   28.143579] pci_bus 0000:01: resource 0 [io  0x5000-0x5fff]
[   28.216496] pci_bus 0000:01: resource 1 [mem 0xa3b00000-0xa3cfffff]
[   28.298529] pci_bus 0000:02: resource 1 [mem 0xa2800000-0xa39fffff]
[   28.380565] pci_bus 0000:02: resource 2 [mem 0xa0000000-0xa09fffff 64bit pref]
[   28.475129] pci_bus 0000:04: resource 1 [mem 0xa3e00000-0xa3efffff]
[   28.557163] pci_bus 0000:06: resource 0 [io  0x4000-0x4fff]
[   28.630085] pci_bus 0000:06: resource 1 [mem 0xa3d00000-0xa3dfffff]
[   28.712118] pci_bus 0000:07: resource 0 [io  0x3000-0x3fff]
[   28.785036] pci_bus 0000:07: resource 1 [mem 0xa1000000-0xa20fffff]
[   28.867071] pci_bus 0000:08: resource 0 [io  0x3000-0x3fff]
[   28.939988] pci_bus 0000:08: resource 1 [mem 0xa1000000-0xa20fffff]
[   29.022792] pci 0000:08:00.0: Video device with shadowed ROM at [mem 0x000c0000-0x000dffff]
[   29.132232] pci 0000:08:00.0: pci_fixup_video+0x0/0xb0 took 106886 usecs
[   29.219969] PCI: CLS 64 bytes, default 64
[   31.257816] Trying to unpack rootfs image as initramfs...
[   31.367658] Freeing initrd memory: 81136K
[   31.420137] DMAR: No ATSR found
[   31.461299] DMAR: dmar0: Using Queued invalidation
[   31.524046] pci 0000:00:00.0: Adding to iommu group 0
[   31.590196] pci 0000:00:01.0: Adding to iommu group 1
[   31.656364] pci 0000:00:01.1: Adding to iommu group 1
[   31.722446] pci 0000:00:08.0: Adding to iommu group 2
[   31.788528] pci 0000:00:12.0: Adding to iommu group 3
[   31.854616] pci 0000:00:14.0: Adding to iommu group 4
[   31.920689] pci 0000:00:14.2: Adding to iommu group 4
[   31.986777] pci 0000:00:15.0: Adding to iommu group 5
[   32.052850] pci 0000:00:15.1: Adding to iommu group 5
[   32.118951] pci 0000:00:1b.0: Adding to iommu group 6
[   32.185026] pci 0000:00:1b.4: Adding to iommu group 7
[   32.251114] pci 0000:00:1c.0: Adding to iommu group 8
[   32.317295] pci 0000:00:1c.5: Adding to iommu group 9
[   32.383376] pci 0000:00:1c.6: Adding to iommu group 10
[   32.450601] pci 0000:00:1c.7: Adding to iommu group 11
[   32.517924] pci 0000:00:1e.0: Adding to iommu group 12
[   32.585168] pci 0000:00:1f.0: Adding to iommu group 13
[   32.652476] pci 0000:00:1f.3: Adding to iommu group 13
[   32.719701] pci 0000:00:1f.4: Adding to iommu group 13
[   32.786922] pci 0000:00:1f.5: Adding to iommu group 13
[   32.854143] pci 0000:00:1f.6: Adding to iommu group 13
[   32.921357] pci 0000:01:00.0: Adding to iommu group 1
[   32.987438] pci 0000:02:00.0: Adding to iommu group 1
[   33.053521] pci 0000:02:00.1: Adding to iommu group 1
[   33.119630] pci 0000:04:00.0: Adding to iommu group 14
[   33.186951] pci 0000:06:00.0: Adding to iommu group 15
[   33.254180] pci 0000:07:00.0: Adding to iommu group 16
[   33.321393] pci 0000:08:00.0: Adding to iommu group 16
[   33.388640] pci 0000:09:00.0: Adding to iommu group 17
[   33.455987] DMAR: Intel(R) Virtualization Technology for Directed I/O
[   33.540374] PCI-DMA: Using software bounce buffering for IO (SWIOTLB)
[   33.624684] software IO TLB: mapped [mem 0x00000000962f2000-0x000000009a2f2000] (64MB)
[   33.728615] RAPL PMU: API unit is 2^-32 Joules, 3 fixed counters, 655360 ms ovfl timer
[   33.832367] RAPL PMU: hw unit of domain pp0-core 2^-14 Joules
[   33.907564] RAPL PMU: hw unit of domain package 2^-14 Joules
[   33.981625] RAPL PMU: hw unit of domain dram 2^-14 Joules
[   34.052657] platform rtc_cmos: registered platform RTC device (no PNP device found)
[   34.157371] Initialise system trusted keyrings
[   34.215566] workingset: timestamp_bits=40 max_order=24 bucket_order=0
[   34.301781] Key type asymmetric registered
[   34.355356] Asymmetric key parser 'x509' registered
[   34.419177] Block layer SCSI generic (bsg) driver version 0.4 loaded (major 250)
[   34.516016] io scheduler mq-deadline registered
[   34.575259] io scheduler kyber registered
[   34.627701] io scheduler bfq registered
[   34.678362] pcieport 0000:00:01.0: PME: Signaling with IRQ 121
[   34.755011] pcieport 0000:00:01.1: PME: Signaling with IRQ 122
[   34.831719] pcieport 0000:00:1b.0: PME: Signaling with IRQ 123
[   34.908453] pcieport 0000:00:1b.4: PME: Signaling with IRQ 124
[   34.985205] pcieport 0000:00:1c.0: PME: Signaling with IRQ 125
[   35.061962] pcieport 0000:00:1c.5: PME: Signaling with IRQ 126
[   35.138699] pcieport 0000:00:1c.6: PME: Signaling with IRQ 127
[   35.197748] tsc: Refined TSC clocksource calibration: 2112.011 MHz
[   35.215577] pcieport 0000:00:1c.7: PME: Signaling with IRQ 128
[   35.295983] clocksource: tsc: mask: 0xffffffffffffffff max_cycles: 0x1e718300d46, max_idle_ns: 440795287503 ns
[   35.372872] Monitor-Mwait will be used to enter C-1 state
[   35.574006] clocksource: Switched to clocksource tsc
[   35.574012] Monitor-Mwait will be used to enter C-2 state
[   35.708998] Monitor-Mwait will be used to enter C-3 state
[   35.779230] ACPI: \_SB_.PR00: Found 3 idle states
[   35.840628] ACPI: \_SB_.PR01: Found 3 idle states
[   35.901980] ACPI: \_SB_.PR02: Found 3 idle states
[   35.963357] ACPI: \_SB_.PR03: Found 3 idle states
[   36.024729] ACPI: \_SB_.PR04: Found 3 idle states
[   36.086106] ACPI: \_SB_.PR05: Found 3 idle states
[   36.147483] ACPI: \_SB_.PR06: Found 3 idle states
[   36.208878] ACPI: \_SB_.PR07: Found 3 idle states
[   36.270251] ACPI: \_SB_.PR08: Found 3 idle states
[   36.331634] ACPI: \_SB_.PR09: Found 3 idle states
[   36.393002] ACPI: \_SB_.PR10: Found 3 idle states
[   36.454435] ACPI: \_SB_.PR11: Found 3 idle states
[   36.515846] ACPI: \_SB_.PR12: Found 3 idle states
[   36.577280] ACPI: \_SB_.PR13: Found 3 idle states
[   36.638638] ACPI: \_SB_.PR14: Found 3 idle states
[   36.700023] ACPI: \_SB_.PR15: Found 3 idle states
[   36.822964] Serial: 8250/16550 driver, 4 ports, IRQ sharing disabled
[   36.905851] serial8250: ttyS0 at I/O 0x3f8 (irq = 4, base_baud = 115200) is a 16550A
[   37.006788] printk: console [ttyS0] enabled
[   37.016291] printk: bootconsole [uart8250] disabled
[   37.027795] AMD-Vi: AMD IOMMUv2 driver by Joerg Roedel <jroedel@suse.de>
[   37.035103] AMD-Vi: AMD IOMMUv2 functionality not available on this system
[   37.046181] brd: module loaded
[   37.049594] Loading iSCSI transport class v2.0-870.
[   37.055835] rdac: device handler registered
[   37.062643] nvme 0000:04:00.0: platform quirk: setting simple suspend
[   37.069812] nvme nvme0: pci function 0000:04:00.0
[   37.074973] i2c /dev entries driver
[   37.079442] NET: Registered protocol family 17
[   37.081347] nvme nvme0: Shutdown timeout set to 8 seconds
[   37.084313] Key type dns_resolver registered
[   37.096240] IPI shorthand broadcast: enabled
[   37.100943] sched_clock: Marking stable (35848995550, 1251904629)->(41074386684, -3973486505)
[   37.103856] nvme nvme0: 16/0/0 default/read/poll queues
[   37.110313] registered taskstats version 1
[   37.118392]  nvme0n1:
[   37.120417] Loading compiled-in X.509 certificates
[   37.128147] Loaded X.509 cert 'Synology SDG kernel module signing key: 7bd0b0d6bcd31651c22ce3978bdc8c8bdc417329'
[   37.141301] Loaded X.509 cert 'Synology Root Certification Authority: f2c075361f168425f8b5ef31b796406c3aab2089'
[   37.152312] Loaded X.509 cert 'Synology Kernel Module Signing Certification Authority: 600839b5d127e0e11d817a31f0575d323a7c0e28'
[   37.164907] Loaded X.509 cert 'Synology kernel module signing key: 4646ce54489669338118a3b1286da156ac366fa5'
[   37.175613] page_owner is disabled
[   37.179344] AppArmor: AppArmor sha1 policy hashing enabled
[   37.189512] Freeing unused kernel image (initmem) memory: 1356K
[   37.215871] Write protecting the kernel read-only data: 18432k
[   37.223001] Freeing unused kernel image (text/rodata gap) memory: 2036K
[   37.230421] Freeing unused kernel image (rodata/data gap) memory: 520K
[   37.237535] rodata_test: all tests were successful
[   37.242776] Run /init as init process
[   37.246776]   with arguments:
[   37.250001]     /init
[   37.252481]     synoboot2
[   37.255338]   with environment:
[   37.258757]     HOME=/
[   37.261331]     TERM=linux
[   37.264277]     BOOT_IMAGE=/zImage-dsm
[   37.268370]     pid=0x5583
[   37.271329]     vid=0x0781
[   37.711733] random: crng init done
[   37.737885] redpill: loading out-of-tree module taints kernel.
[   37.745219] redpill: module verification failed: signature and/or required key missing - tainting kernel
[   37.758356] <redpill/redpill_main.c:45> ================================================================================================
[   37.771695] <redpill/redpill_main.c:46> RedPill v0.6-at-2023_03_12-19_43_26 loading...
[   37.835544] <redpill/symbol_helper.c:100> kallsyms_lookup_name address = 0xffffffff810fcb90
[   37.835544] 
[   37.848655] <redpill/call_protected.c:83> Got addr ffffffff812cac30 for cmdline_proc_show
[   37.857569] <redpill/cmdline_delegate.c:350> Cmdline count: 411
[   37.864022] <redpill/cmdline_delegate.c:417> Cmdline: BOOT_IMAGE=/zImage-dsm console=ttyS0,115200n8 earlyprintk log_buf_len=32M earlycon=uart8250,io,0x3f8,115200n8 root=/dev/md0 loglevel=15 noefi syno_hw_version=SA6400 i915.enable_guc=2 netif_num=4 synoboot2 pid=0x5583 mac2=7e21363bcd3b mac3=7e21363bcd5b mac1=7e21363bcd1b mac4=7e21363bcd7b sn=0000XXXBN4YEE SMBusHddDynamicPower=1 vid=0x0781 vender_format_version=2 syno_ttyS1=serial,0x2f8 syno_ttyS0=serial,0x3f8
[   37.864022] 
[   37.909887] <redpill/cmdline_delegate.c:429> Param #0: |BOOT_IMAGE=/zImage-dsm|
[   37.917848] <redpill/cmdline_delegate.c:324> Option "BOOT_IMAGE=/zImage-dsm" not recognized - ignoring
[   37.927975] <redpill/cmdline_delegate.c:429> Param #1: |console=ttyS0,115200n8|
[   37.935931] <redpill/cmdline_delegate.c:324> Option "console=ttyS0,115200n8" not recognized - ignoring
[   37.946062] <redpill/cmdline_delegate.c:429> Param #2: |earlyprintk|
[   37.952979] <redpill/cmdline_delegate.c:324> Option "earlyprintk" not recognized - ignoring
[   37.962075] <redpill/cmdline_delegate.c:429> Param #3: |log_buf_len=32M|
[   37.969368] <redpill/cmdline_delegate.c:324> Option "log_buf_len=32M" not recognized - ignoring
[   37.978826] <redpill/cmdline_delegate.c:429> Param #4: |earlycon=uart8250,io,0x3f8,115200n8|
[   37.988011] <redpill/cmdline_delegate.c:324> Option "earlycon=uart8250,io,0x3f8,115200n8" not recognized - ignoring
[   37.999368] <redpill/cmdline_delegate.c:429> Param #5: |root=/dev/md0|
[   38.006480] <redpill/cmdline_delegate.c:324> Option "root=/dev/md0" not recognized - ignoring
[   38.015756] <redpill/cmdline_delegate.c:429> Param #6: |loglevel=15|
[   38.022673] <redpill/cmdline_delegate.c:324> Option "loglevel=15" not recognized - ignoring
[   38.031761] <redpill/cmdline_delegate.c:429> Param #7: |noefi|
[   38.038107] <redpill/cmdline_delegate.c:324> Option "noefi" not recognized - ignoring
[   38.046627] <redpill/cmdline_delegate.c:429> Param #8: |syno_hw_version=SA6400|
[   38.054584] <redpill/cmdline_delegate.c:26> HW version set to: SA6400
[   38.061595] <redpill/cmdline_delegate.c:429> Param #9: |i915.enable_guc=2|
[   38.069080] <redpill/cmdline_delegate.c:324> Option "i915.enable_guc=2" not recognized - ignoring
[   38.078725] <redpill/cmdline_delegate.c:429> Param #10: |netif_num=4|
[   38.085737] <redpill/cmdline_delegate.c:239> Declared network ifaces # as 4
[   38.093313] <redpill/cmdline_delegate.c:429> Param #11: |synoboot2|
[   38.100137] <redpill/cmdline_delegate.c:324> Option "synoboot2" not recognized - ignoring
[   38.109039] <redpill/cmdline_delegate.c:429> Param #12: |pid=0x5583|
[   38.115964] <redpill/cmdline_delegate.c:142> PID override: 0x5583
[   38.122596] <redpill/cmdline_delegate.c:429> Param #13: |mac2=7e21363bcd3b|
[   38.130167] <redpill/cmdline_delegate.c:312> Set MAC #1: 7e21363bcd3b
[   38.137179] <redpill/cmdline_delegate.c:429> Param #14: |mac3=7e21363bcd5b|
[   38.144757] <redpill/cmdline_delegate.c:312> Set MAC #2: 7e21363bcd5b
[   38.151768] <redpill/cmdline_delegate.c:429> Param #15: |mac1=7e21363bcd1b|
[   38.159338] <redpill/cmdline_delegate.c:312> Set MAC #3: 7e21363bcd1b
[   38.166349] <redpill/cmdline_delegate.c:429> Param #16: |mac4=7e21363bcd7b|
[   38.173924] <redpill/cmdline_delegate.c:312> Set MAC #4: 7e21363bcd7b
[   38.180938] <redpill/cmdline_delegate.c:429> Param #17: |sn=0000XXXBN4YEE|
[   38.188421] <redpill/cmdline_delegate.c:45> S/N set to: 0000XXXBN4YEE
[   38.195431] <redpill/cmdline_delegate.c:429> Param #18: |SMBusHddDynamicPower=1|
[   38.203482] <redpill/cmdline_delegate.c:324> Option "SMBusHddDynamicPower=1" not recognized - ignoring
[   38.213606] <redpill/cmdline_delegate.c:429> Param #19: |vid=0x0781|
[   38.220524] <redpill/cmdline_delegate.c:108> VID override: 0x0781
[   38.227159] <redpill/cmdline_delegate.c:429> Param #20: |vender_format_version=2|
[   38.235305] <redpill/cmdline_delegate.c:324> Option "vender_format_version=2" not recognized - ignoring
[   38.245530] <redpill/cmdline_delegate.c:429> Param #21: |syno_ttyS1=serial,0x2f8|
[   38.253675] <redpill/cmdline_delegate.c:324> Option "syno_ttyS1=serial,0x2f8" not recognized - ignoring
[   38.263900] <redpill/cmdline_delegate.c:429> Param #22: |syno_ttyS0=serial,0x3f8|
[   38.272047] <redpill/cmdline_delegate.c:324> Option "syno_ttyS0=serial,0x3f8" not recognized - ignoring
[   38.282281] <redpill/cmdline_delegate.c:388> Add cmdline blacklist "vid=" @ 0
[   38.290051] <redpill/cmdline_delegate.c:389> Add cmdline blacklist "pid=" @ 1
[   38.297802] <redpill/cmdline_delegate.c:390> Add cmdline blacklist "mfg" @ 2
[   38.305476] <redpill/cmdline_delegate.c:391> Add cmdline blacklist "dom_szmax=" @ 3
[   38.313814] <redpill/cmdline_delegate.c:392> Add cmdline blacklist "elevator=" @ 4
[   38.322054] <redpill/cmdline_delegate.c:393> Add cmdline blacklist "loglevel=" @ 5
[   38.330295] <redpill/cmdline_delegate.c:394> Add cmdline blacklist "log_buf_len=" @ 6
[   38.338816] <redpill/cmdline_delegate.c:395> Add cmdline blacklist "earlyprintk" @ 7
[   38.347247] <redpill/cmdline_delegate.c:396> Add cmdline blacklist "syno_port_thaw=" @ 8
[   38.356062] <redpill/cmdline_delegate.c:399> Add cmdline blacklist "synoboot_satadom=" @ 9
[   38.365047] <redpill/cmdline_delegate.c:450> CmdLine processed successfully, tokens=23
[   38.373666] <redpill/runtime_config.c:187> Found platform definition for "SA6400"
[   38.381817] <redpill/runtime_config.c:198> Validating runtime config...
[   38.389015] <redpill/runtime_config.c:48> Configured boot device type to USB
[   38.396678] <redpill/runtime_config.c:206> Config validation resulted in OK
[   38.404252] <redpill/runtime_config.c:224> Runtime config populated
[   38.411079] <redpill/uart_fixer.c:72> Registering UART fixer shim
[   38.417716] <redpill/uart_fixer.c:86> Successfully registered UART fixer shim
[   38.425476] <redpill/scsi_notifier.c:164> Registering SCSI device notifier
[   38.432959] <redpill/scsi_notifier.c:176> The sd driver was already loaded when SCSI device notifier registered - some devices may already be registered
[   38.447806] <redpill/scsi_notifier.c:104> Overriding (%pf?)()<0000000030abf4b5> with (%pf?)()<0000000036f2baca>
[   38.458775] <redpill/scsi_notifier.c:192> Successfully registered SCSI device notifier
[   38.467393] <redpill/sata_port_shim.c:119> Registering SATA port emulator shim
[   38.475251] <redpill/sata_port_shim.c:123> Registering for new devices notifications
[   38.483684] <redpill/scsi_notifier.c:149> 000000006e7fd983 (priority=-2147483648) subscribed to SCSI device events
[   38.494945] <redpill/sata_port_shim.c:130> Iterating over existing devices
[   38.502437] <redpill/sata_port_shim.c:137> Successfully registered SATA port emulator shim
[   38.511422] <redpill/boot_device_shim.c:48> Registering boot device router shim
[   38.519370] <redpill/usb_boot_shim.c:229> Registering USB boot device shim
[   38.526854] <redpill/usb_boot_shim.c:194> Registered usbcore module notifier
[   38.541400] <redpill/usb_boot_shim.c:247> Successfully registered USB boot device shim
[   38.550019] <redpill/boot_device_shim.c:76> Successfully registered boot device router shim
[   38.559108] <redpill/intercept_execve.c:118> Registering execve() interceptor
[   38.583182] <redpill/intercept_execve.c:125> execve() interceptor registered
[   38.590869] <redpill/bios_shim.c:247> Registering mfgBIOS shim
[   38.597223] <redpill/bios_shims_collection.c:237> Shimming disk led control API
[   38.612096] <redpill/override_symbol.c:256> Overriding syno_ahci_disk_led_enable_by_port() with (%pf?)()<00000000ee416859>
[   38.628939] <redpill/override_symbol.c:171> Saved syno_ahci_disk_led_enable_by_port() ptr <00000000cde020d9>
[   38.639640] <redpill/memory_helper.c:17> Disabling memory protection for page(s) at 00000000cde020d9+12/1 (<<00000000168ca6b2)
[   38.652421] <redpill/call_protected.c:84> Got addr ffffffff81053e70 for flush_tlb_all
[   38.661010] <redpill/override_symbol.c:220> Obtaining lock for <00000000cde020d9/00000000cde020d9>
[   38.670741] <redpill/override_symbol.c:181> Generating trampoline
[   38.677374] <redpill/override_symbol.c:186> Generated trampoline to 00000000ee416859<00000000ee416859> for syno_ahci_disk_led_enable_by_port<00000000cde020d9>: 
[   38.692974] <redpill/override_symbol.c:220> Writing trampoline code to <00000000cde020d9>
[   38.701869] <redpill/override_symbol.c:220> Released lock for <00000000cde020d9>
[   38.709925] <redpill/memory_helper.c:33> Enabling memory protection for page(s) at 00000000cde020d9+12/1 (<<00000000168ca6b2)
[   38.722277] <redpill/override_symbol.c:268> Successfully overrode syno_ahci_disk_led_enable_by_port() with trampoline to 00000000ee416859<00000000ee416859>
[   38.737408] <redpill/bios_shims_collection.c:273> Finished shim_disk_leds_ctrl
[   38.745267] <redpill/override_symbol.c:256> Overriding apply_relocate_add() with (%pf?)()<00000000039f394e>
[   38.756206] <redpill/override_symbol.c:171> Saved apply_relocate_add() ptr <000000005fd11e6b>
[   38.765490] <redpill/memory_helper.c:17> Disabling memory protection for page(s) at 000000005fd11e6b+12/1 (<<00000000ebf98114)
[   38.777930] <redpill/override_symbol.c:220> Obtaining lock for <000000005fd11e6b/000000005fd11e6b>
[   38.787692] <redpill/override_symbol.c:181> Generating trampoline
[   38.794326] <redpill/override_symbol.c:186> Generated trampoline to 00000000039f394e<00000000039f394e> for apply_relocate_add<000000005fd11e6b>: 
[   38.808511] <redpill/override_symbol.c:220> Writing trampoline code to <000000005fd11e6b>
[   38.817415] <redpill/override_symbol.c:220> Released lock for <000000005fd11e6b>
[   38.825467] <redpill/memory_helper.c:33> Enabling memory protection for page(s) at 000000005fd11e6b+12/1 (<<00000000ebf98114)
[   38.837811] <redpill/override_symbol.c:268> Successfully overrode apply_relocate_add() with trampoline to 00000000039f394e<00000000039f394e>
[   38.858431] <redpill/bios_shim.c:174> Registered bios module notifier
[   38.865451] <redpill/bios_shim.c:257> Successfully registered mfgBIOS shim
[   38.872922] <redpill/disable_exectutables.c:16> Registering common executables disabler shim
[   38.882094] <redpill/intercept_execve.c:58> Filename uboot_do_upd.sh will be blocked from execution
[   38.891940] <redpill/intercept_execve.c:58> Filename ./uboot_do_upd.sh will be blocked from execution
[   38.901968] <redpill/intercept_execve.c:58> Filename /usr/syno/bin/syno_pstore_collect will be blocked from execution
[   38.913516] <redpill/intercept_execve.c:58> Filename /tmpData/upd@te/sas_fw_upgrade_tool will be blocked from execution
[   38.925258] <redpill/intercept_execve.c:58> Filename /usr/syno/sbin/syno_oob_fw_upgrade will be blocked from execution
[   38.936902] <redpill/disable_exectutables.c:30> Successfully registered common executables disabler shim
[   38.947223] <redpill/block_fw_update_shim.c:71> Registering firmware update blocker shim
[   38.956027] <redpill/intercept_execve.c:58> Filename ./H2OFFT-Lx64 will be blocked from execution
[   38.965683] <redpill/block_fw_update_shim.c:49> Saved backup DMI: Super Server
[   38.973540] <redpill/block_fw_update_shim.c:79> Successfully registered firmware update blocker shim
[   38.983491] <redpill/pci_shim.c:203> Registering PCI devices shim
[   38.990115] <redpill/pci_shim.c:205> Creating vPCI devices for SA6400
[   38.997130] <redpill/pci_shim.c:227> Successfully registered PCI devices shim
[   39.004901] <redpill/smart_shim.c:1032> Registering SMART emulator shim
[   39.012101] <redpill/smart_shim.c:1042> SCSI driver exists - installing canary
[   39.019965] <redpill/override_symbol.c:256> Overriding sd_ioctl() with (%pf?)()<000000009384917b>
[   39.034273] <redpill/override_symbol.c:171> Saved sd_ioctl() ptr <000000006f55880c>
[   39.042612] <redpill/memory_helper.c:17> Disabling memory protection for page(s) at 000000006f55880c+12/1 (<<00000000628f6918)
[   39.055067] <redpill/override_symbol.c:220> Obtaining lock for <000000006f55880c/000000006f55880c>
[   39.064824] <redpill/override_symbol.c:181> Generating trampoline
[   39.071457] <redpill/override_symbol.c:186> Generated trampoline to 000000009384917b<000000009384917b> for sd_ioctl<000000006f55880c>: 
[   39.084683] <redpill/override_symbol.c:220> Writing trampoline code to <000000006f55880c>
[   39.093582] <redpill/override_symbol.c:220> Released lock for <000000006f55880c>
[   39.101630] <redpill/memory_helper.c:33> Enabling memory protection for page(s) at 000000006f55880c+12/1 (<<00000000628f6918)
[   39.113988] <redpill/override_symbol.c:268> Successfully overrode sd_ioctl() with trampoline to 000000009384917b<000000009384917b>
[   39.126753] <redpill/smart_shim.c:1054> Successfully registered SMART emulator shim
[   39.135085] <redpill/pmu_shim.c:344> Registering PMU emulator shim
[   39.141812] <redpill/virtual_uart.c:987> Adding vUART ttyS1
[   39.147873] <redpill/virtual_uart.c:645> Initializing ttyS1 vUART
[   39.154517] <redpill/virtual_uart.c:661> Initialized ttyS1 vUART
[   39.161063] <redpill/virtual_uart.c:799> Registering ttyS1 (io=0x2f8) in the driver
[   39.169578] serial8250: ttyS1 at I/O 0x2f8 (irq = 3, base_baud = 115200) is a 16550A
[   39.178126] <redpill/virtual_uart.c:852> ttyS1 registered with driver (line=1)
[   39.185999] <redpill/vuart_virtual_irq.c:66> Enabling vIRQ for ttyS1
[   39.193050] <redpill/vuart_virtual_irq.c:101> vIRQ fully enabled for for ttyS1
[   39.200923] <redpill/virtual_uart.c:1004> Added vUART at ttyS1
[   39.207285] <redpill/virtual_uart.c:931> Setting TX callback for for ttyS1 (line=1)
[   39.215608] <redpill/virtual_uart.c:945> Added TX callback for ttyS1 (line=1)
[   39.223378] <redpill/pmu_shim.c:361> Successfully registered PMU emulator shim
[   39.231249] <redpill/sanitize_cmdline.c:89> Cmdline param "earlyprintk" blacklisted - skipping
[   39.240636] <redpill/sanitize_cmdline.c:89> Cmdline param "log_buf_len=32M" blacklisted - skipping
[   39.250386] <redpill/sanitize_cmdline.c:89> Cmdline param "loglevel=15" blacklisted - skipping
[   39.259760] <redpill/sanitize_cmdline.c:89> Cmdline param "pid=0x5583" blacklisted - skipping
[   39.269053] <redpill/sanitize_cmdline.c:89> Cmdline param "vid=0x0781" blacklisted - skipping
[   39.278336] <redpill/sanitize_cmdline.c:102> Sanitized cmdline to: BOOT_IMAGE=/zImage-dsm console=ttyS0,115200n8 earlycon=uart8250,io,0x3f8,115200n8 root=/dev/md0 noefi syno_hw_version=SA6400 i915.enable_guc=2 netif_num=4 synoboot2 mac2=7e21363bcd3b mac3=7e21363bcd5b mac1=7e21363bcd1b mac4=7e21363bcd7b sn=0000XXXBN4YEE SMBusHddDynamicPower=1 vender_format_version=2 syno_ttyS1=serial,0x2f8 syno_ttyS0=serial,0x3f8
[   39.318032] <redpill/override_symbol.c:256> Overriding cmdline_proc_show() with (%pf?)()<00000000b016cdbc>
[   39.330962] <redpill/override_symbol.c:171> Saved cmdline_proc_show() ptr <00000000bdc3dabd>
[   39.340155] <redpill/memory_helper.c:17> Disabling memory protection for page(s) at 00000000bdc3dabd+12/1 (<<00000000584e676c)
[   39.352607] <redpill/override_symbol.c:220> Obtaining lock for <00000000bdc3dabd/00000000bdc3dabd>
[   39.362368] <redpill/override_symbol.c:181> Generating trampoline
[   39.369001] <redpill/override_symbol.c:186> Generated trampoline to 00000000b016cdbc<00000000b016cdbc> for cmdline_proc_show<00000000bdc3dabd>: 
[   39.383090] <redpill/override_symbol.c:220> Writing trampoline code to <00000000bdc3dabd>
[   39.391994] <redpill/override_symbol.c:220> Released lock for <00000000bdc3dabd>
[   39.400040] <redpill/memory_helper.c:33> Enabling memory protection for page(s) at 00000000bdc3dabd+12/1 (<<00000000584e676c)
[   39.412393] <redpill/override_symbol.c:268> Successfully overrode cmdline_proc_show() with trampoline to 00000000b016cdbc<00000000b016cdbc>
[   39.426011] <redpill/sanitize_cmdline.c:138> /proc/cmdline sanitized
[   39.432918] <redpill/redpill_main.c:69> RedPill v0.6-at-2023_03_12-19_43_26 loaded successfully (stealth=1)
[   39.482833] ACPI: bus type USB registered
[   39.487802] usbcore: registered new interface driver usbfs
[   39.493786] usbcore: registered new interface driver hub
[   39.499592] usbcore: registered new device driver usb
[   39.505103] <redpill/usb_boot_shim.c:166> usbcore registered, adding device watcher
[   39.513450] <redpill/call_protected.c:116> Got ptr 00000000fcfd05c2 for usb_register_notify
[   39.522556] <redpill/usb_boot_shim.c:127> Registered USB device notifier
[   39.552907] xhci_hcd 0000:00:14.0: xHCI Host Controller
[   39.558962] xhci_hcd 0000:00:14.0: new USB bus registered, assigned bus number 1
[   39.568154] xhci_hcd 0000:00:14.0: hcc params 0x200077c1 hci version 0x110 quirks 0x0000000000009010
[   39.578395] xhci_hcd 0000:00:14.0: cache line size of 64 is not supported
[   39.586198] hub 1-0:1.0: USB hub found
[   39.591327] hub 1-0:1.0: 16 ports detected
[   39.597109] <redpill/usb_boot_shim.c:72> Found new device <vid=1d6b, pid=0002> - didn't match expected <vid=0781, pid=5583> (prev_shimmed=0)
[   39.611104] xhci_hcd 0000:00:14.0: xHCI Host Controller
[   39.618064] xhci_hcd 0000:00:14.0: new USB bus registered, assigned bus number 2
[   39.626123] xhci_hcd 0000:00:14.0: Host supports USB 3.1 Enhanced SuperSpeed
[   39.633979] usb usb2: We don't know the algorithms for LPM for this host, disabling LPM.
[   39.644169] hub 2-0:1.0: USB hub found
[   39.649579] hub 2-0:1.0: 10 ports detected
[   39.654800] usb: port power management may be unreliable
[   39.661438] <redpill/usb_boot_shim.c:72> Found new device <vid=1d6b, pid=0003> - didn't match expected <vid=0781, pid=5583> (prev_shimmed=0)
[   39.685644] udevd[4497]: starting version 3.2.11
[   39.691511] udevd[4497]: specified group 'tty' unknown
[   39.698197] udevd[4497]: specified group 'dialout' unknown
[   39.705572] udevd[4497]: specified group 'kmem' unknown
[   39.711274] udevd[4497]: specified group 'input' unknown
[   39.717078] udevd[4497]: specified group 'video' unknown
[   39.722900] udevd[4497]: specified group 'audio' unknown
[   39.728757] udevd[4497]: specified group 'disk' unknown
[   39.734486] udevd[4497]: specified group 'cdrom' unknown
[   39.740304] udevd[4497]: specified group 'tape' unknown
[   39.747141] udevd[4498]: starting eudev-3.2.11
[   39.761524] input: Sleep Button as /devices/LNXSYSTM:00/LNXSYBUS:00/PNP0C0E:00/input/input0
[   39.771099] ACPI: Sleep Button [SLPB]
[   39.777033] input: Power Button as /devices/LNXSYSTM:00/LNXPWRBN:00/input/input1
[   39.787499] thermal LNXTHERM:00: registered as thermal_zone0
[   39.794826] ACPI: Thermal Zone [TZ00] (28 C)
[   39.794973] ACPI: Power Button [PWRF]
[   39.804886] kvm_intel: Unknown symbol __tracepoint_kvm_ple_window_update (err -2)
[   39.814633] Adaptec aacraid driver 1.2.1[50983]-custom
[   39.821441] aacraid 0000:01:00.0: can't disable ASPM; OS doesn't have ASPM control
[   39.821457] kvm_intel: Unknown symbol vcpu_put (err -2)
[   39.834184] aacraid: Comm Interface type3 enabled
[   39.842054] kvm_intel: Unknown symbol kvm_arch_has_assigned_device (err -2)
[   39.845849] AAC0: kernel 4.90-0[0] Jul 13 2020
[   39.855683] AAC0: monitor 0.0-0[0]
[   39.860761] AAC0: bios 0.13-209[32000]
[   39.864868] AAC0: serial 10F447
[   39.868302] AAC0: Non-DASD support enabled.
[   39.872878] AAC0: 64bit support enabled.
[   39.877172] aacraid 0000:01:00.0: 64 Bit DAC enabled
[   39.879732] usb 1-13: new high-speed USB device number 2 using xhci_hcd
[   39.891268] kvm_intel: Unknown symbol kvm_rdpmc (err -2)
[   39.891318] Intel(R) Gigabit Ethernet Linux Driver - version 5.13.7
[   39.891535] e1000e: Intel(R) PRO/1000 Network Driver
[   39.891536] e1000e: Copyright(c) 1999 - 2015 Intel Corporation.
[   39.891898] e1000e 0000:00:1f.6: Interrupt Throttling Rate (ints/sec) set to dynamic conservative mode
[   39.918476] kvm_intel: Unknown symbol kvm_vcpu_mark_page_dirty (err -2)
[   39.928556] Copyright(c) 2007 - 2022 Intel Corporation.
[   39.941497] kvm_intel: Unknown symbol kvm_vcpu_halt (err -2)
[   39.941727] scsi host0: aacraid
[   39.947668] kvm_intel: Unknown symbol kvm_clear_guest_page (err -2)
[   39.947670] kvm_intel: Unknown symbol kvm_requeue_exception (err -2)
[   39.947676] kvm_intel: Unknown symbol reprogram_counter (err -2)
[   39.947681] kvm_intel: Unknown symbol __SCK__tp_func_kvm_nested_vmenter_failed (err -2)
[   39.947683] kvm_intel: Unknown symbol kvm_exit (err -2)
[   39.947685] kvm_intel: Unknown symbol kvm_init (err -2)
[   39.947689] kvm_intel: Unknown symbol kvm_deliver_exception_payload (err -2)
[   39.947691] kvm_intel: Unknown symbol kvm_set_msr (err -2)
[   39.947694] kvm_intel: Unknown symbol kvm_default_tsc_scaling_ratio (err -2)
[   39.947697] kvm_intel: Unknown symbol __tracepoint_kvm_nested_vmexit (err -2)
[   39.947702] kvm_intel: Unknown symbol enable_vmware_backdoor (err -2)
[   39.978108] igb 0000:06:00.0: added PHC on eth0
[   39.980388] kvm_intel: Unknown symbol kvm_enable_efer_bits (err -2)
[   39.986102] igb 0000:06:00.0: Intel(R) Gigabit Ethernet Linux Driver
[   39.991794] kvm_intel: Unknown symbol __SCT__tp_func_kvm_nested_vmexit (err -2)
[   39.999483] igb 0000:06:00.0: eth0: (PCIe:2.5GT/s:Width x1) 
[   40.005459] kvm_intel: Unknown symbol __kvm_request_immediate_exit (err -2)
[   40.005528] i40e: Intel(R) 40-10 Gigabit Ethernet Connection Network Driver - version 2.20.12
[   40.005529] i40e: Copyright(c) 2013 - 2022 Intel Corporation.
[   40.013127] igb 0000:06:00.0 eth0: MAC: ac:1f:6b:f6:ed:71
[   40.013543] igb 0000:06:00.0: eth0: PBA No: 010B00-000
[   40.021019] kvm_intel: Unknown symbol kvm_lapic_expired_hv_timer (err -2)
[   40.027150] i40e 0000:02:00.0: fw 8.6.68629 api 1.15 nvm 8.60 0x8000bd5d 1.3122.0
[   40.035974] igb 0000:06:00.0: LRO is disabled
[   40.039972] kvm_intel: Unknown symbol kvm_fixup_and_inject_pf_error (err -2)
[   40.041087] Got empty serial number. Generate serial number from product.
[   40.041779] hub 1-13:1.0: USB hub found
[   40.041906] hub 1-13:1.0: 4 ports detected
[   40.042547] <redpill/usb_boot_shim.c:72> Found new device <vid=0557, pid=7000> - didn't match expected <vid=0781, pid=5583> (prev_shimmed=0)
[   40.046937] igb 0000:06:00.0: Using MSI-X interrupts. 1 rx queue(s), 1 tx queue(s)
[   40.055004] kvm_intel: Unknown symbol gfn_to_page (err -2)
[   40.056172] scsi 0:2:0:0: Direct-Access     HGST     HUH721008AL5200          A21D PQ: 0 ANSI: 6
[   40.057039] <redpill/scsi_notifier.c:65> Probing SCSI device using sd_probe_shim
[   40.057041] <redpill/scsi_notifier.c:77> Triggering SCSI_EVT_DEV_PROBING notifications
[   40.057043] <redpill/scsi_notifier.c:87> Calling original sd_probe()
[   40.057054] sd 0:2:0:0: sd_probe: unknown type 0.
[   40.057059] <redpill/scsi_notifier.c:91> Triggering SCSI_EVT_DEV_PROBED notifications - sd_probe() exit=-22
[   40.057062] sd: probe of 0:2:0:0 failed with error -22
[   40.062849] scsi 0:2:1:0: Direct-Access     HGST     HUH721008AL5200          A21D PQ: 0 ANSI: 6
[   40.068986] kvm_intel: Unknown symbol __SCK__tp_func_kvm_cr (err -2)
[   40.071641] get_vm_area_caller: ffffffff811fb1d0
[   40.073500] free_vm_area: ffffffff811fb6e0
[   40.075322] apply_to_page_range: ffffffff811e8450
[   40.075752] copy_init_mm: ffffffff810613a0
[   40.075972] native_write_cr4: ffffffff8102ea60
[   40.076355] flush_tlb_mm_range: ffffffff81053da0
[   40.078268] __mmu_notifier_invalidate_range_start: ffffffff81210860
[   40.079190] <redpill/scsi_notifier.c:65> Probing SCSI device using sd_probe_shim
[   40.080199] __mmu_notifier_invalidate_range_end: ffffffff812109f0
[   40.082049] walk_page_mapping: ffffffff811f4ef0
[   40.082049] init module
[   40.087736] scsi 0:2:2:0: Direct-Access     HGST     HUH721008AL5200          A21D PQ: 0 ANSI: 6
[   40.090580] <redpill/scsi_notifier.c:77> Triggering SCSI_EVT_DEV_PROBING notifications
[   40.090582] <redpill/scsi_notifier.c:87> Calling original sd_probe()
[   40.090588] kvm_intel: Unknown symbol kvm_probe_user_return_msr (err -2)
[   40.090592] kvm_intel: Unknown symbol kvm_vcpu_write_guest_page (err -2)
[   40.090598] kvm_intel: Unknown symbol kvm_no_apic_vcpu (err -2)
[   40.090602] kvm_intel: Unknown symbol handle_ud (err -2)
[   40.090604] kvm_intel: Unknown symbol kvm_mmu_new_pgd (err -2)
[   40.090608] kvm_intel: Unknown symbol reprogram_fixed_counter (err -2)
[   40.090613] kvm_intel: Unknown symbol __tracepoint_kvm_nested_vmenter_failed (err -2)
[   40.090619] kvm_intel: Unknown symbol kvm_get_msr_common (err -2)
[   40.090623] kvm_intel: Unknown symbol kvm_mmu_slot_largepage_remove_write_access (err -2)
[   40.090627] kvm_intel: Unknown symbol __tracepoint_kvm_fast_mmio (err -2)
[   40.090631] kvm_intel: Unknown symbol kvm_arch_has_noncoherent_dma (err -2)
[   40.090633] kvm_intel: Unknown symbol kvm_hv_get_assist_page (err -2)
[   40.090635] kvm_intel: Unknown symbol kvm_emulate_halt (err -2)
[   40.090638] kvm_intel: Unknown symbol kvm_set_apic_base (err -2)
[   40.090643] kvm_intel: Unknown symbol supported_xss (err -2)
[   40.090647] kvm_intel: Unknown symbol kvm_vcpu_map (err -2)
[   40.090649] kvm_intel: Unknown symbol kvm_msr_allowed (err -2)
[   40.090653] kvm_intel: Unknown symbol kvm_lapic_find_highest_irr (err -2)
[   40.090655] kvm_intel: Unknown symbol kvm_set_xcr (err -2)
[   40.090656] kvm_intel: Unknown symbol kvm_wait_lapic_expire (err -2)
[   40.090659] kvm_intel: Unknown symbol reprogram_gp_counter (err -2)
[   40.090664] kvm_intel: Unknown symbol kvm_write_guest_virt_system (err -2)
[   40.090666] kvm_intel: Unknown symbol kvm_find_cpuid_entry (err -2)
[   40.090668] kvm_intel: Unknown symbol kvm_task_switch (err -2)
[   40.090671] kvm_intel: Unknown symbol __SCT__tp_func_kvm_fast_mmio (err -2)
[   40.090673] kvm_intel: Unknown symbol kvm_read_guest_virt (err -2)
[   40.090675] kvm_intel: Unknown symbol kvm_vcpu_gfn_to_page (err -2)
[   40.090677] kvm_intel: Unknown symbol kvm_write_guest (err -2)
[   40.090679] kvm_intel: Unknown symbol __tracepoint_kvm_cr (err -2)
[   40.090681] kvm_intel: Unknown symbol kvm_io_bus_write (err -2)
[   40.090683] kvm_intel: Unknown symbol kvm_mmu_set_mmio_spte_mask (err -2)
[   40.090684] kvm_intel: Unknown symbol kvm_mmu_clear_dirty_pt_masked (err -2)
[   40.090686] kvm_intel: Unknown symbol kvm_set_user_return_msr (err -2)
[   40.090688] kvm_intel: Unknown symbol kvm_require_cpl (err -2)
[   40.090691] kvm_intel: Unknown symbol __SCT__tp_func_kvm_cr (err -2)
[   40.090693] kvm_intel: Unknown symbol kvm_init_shadow_ept_mmu (err -2)
[   40.090695] kvm_intel: Unknown symbol __tracepoint_kvm_pml_full (err -2)
[   40.090697] kvm_intel: Unknown symbol kvm_requeue_exception_e (err -2)
[   40.090698] kvm_intel: Unknown symbol kvm_lmsw (err -2)
[   40.090700] kvm_intel: Unknown symbol kvm_lapic_set_eoi (err -2)
[   40.090702] kvm_intel: Unknown symbol kvm_queue_exception (err -2)
[   40.090704] kvm_intel: Unknown symbol kvm_lapic_switch_to_hv_timer (err -2)
[   40.090706] kvm_intel: Unknown symbol kvm_emulate_rdmsr (err -2)
[   40.090708] kvm_intel: Unknown symbol __tracepoint_kvm_write_tsc_offset (err -2)
[   40.090710] kvm_intel: Unknown symbol kvm_vcpu_is_reset_bsp (err -2)
[   40.090712] kvm_intel: Unknown symbol __tracepoint_kvm_pi_irte_update (err -2)
[   40.090713] kvm_intel: Unknown symbol kvm_apicv_init (err -2)
[   40.090716] kvm_intel: Unknown symbol __SCT__tp_func_kvm_nested_vmexit_inject (err -2)
[   40.090718] kvm_intel: Unknown symbol kvm_vcpu_unmap (err -2)
[   40.090723] kvm_intel: Unknown symbol kvm_write_guest_page (err -2)
[   40.090729] kvm_intel: Unknown symbol kvm_valid_efer (err -2)
[   40.090732] kvm_intel: Unknown symbol supported_xcr0 (err -2)
[   40.090734] kvm_intel: Unknown symbol __SCK__tp_func_kvm_pi_irte_update (err -2)
[   40.090736] kvm_intel: Unknown symbol kvm_set_rflags (err -2)
[   40.090844] kvm_intel: Unknown symbol kvm_mmu_slot_leaf_clear_dirty (err -2)
[   40.090846] kvm_intel: Unknown symbol kvm_tsc_scaling_ratio_frac_bits (err -2)
[   40.090848] kvm_intel: Unknown symbol kvm_mce_cap_supported (err -2)
[   40.090849] kvm_intel: Unknown symbol kvm_handle_invpcid (err -2)
[   40.090852] kvm_intel: Unknown symbol kvm_load_host_xsave_state (err -2)
[   40.090854] kvm_intel: Unknown symbol __tracepoint_kvm_page_fault (err -2)
[   40.090856] kvm_intel: Unknown symbol kvm_mmu_free_roots (err -2)
[   40.090859] kvm_intel: Unknown symbol kvm_mmu_slot_set_dirty (err -2)
[   40.090860] kvm_intel: Unknown symbol kvm_queue_exception_p (err -2)
[   40.090862] kvm_intel: Unknown symbol kvm_read_l1_tsc (err -2)
[   40.090865] kvm_intel: Unknown symbol __tracepoint_kvm_inj_virq (err -2)
[   40.090867] kvm_intel: Unknown symbol kvm_cpu_has_interrupt (err -2)
[   40.090869] kvm_intel: Unknown symbol __kvm_apic_update_irr (err -2)
[   40.090872] kvm_intel: Unknown symbol handle_fastpath_set_msr_irqoff (err -2)
[   40.090874] kvm_intel: Unknown symbol kvm_apic_update_ppr (err -2)
[   40.090876] kvm_intel: Unknown symbol kvm_configure_mmu (err -2)
[   40.090882] kvm_intel: Unknown symbol kvm_apic_update_irr (err -2)
[   40.090884] kvm_intel: Unknown symbol kvm_init_mmu (err -2)
[   40.090886] kvm_intel: Unknown symbol kvm_emulate_wbinvd (err -2)
[   40.090887] kvm_intel: Unknown symbol kvm_set_cr3 (err -2)
[   40.090891] kvm_intel: Unknown symbol kvm_lapic_switch_to_sw_timer (err -2)
[   40.090895] kvm_intel: Unknown symbol __SCK__tp_func_kvm_page_fault (err -2)
[   40.090897] kvm_intel: Unknown symbol kvm_get_cr8 (err -2)
[   40.090898] kvm_intel: Unknown symbol kvm_x86_ops (err -2)
[   40.090902] kvm_intel: Unknown symbol __SCT__tp_func_kvm_pi_irte_update (err -2)
[   40.090904] kvm_intel: Unknown symbol vcpu_load (err -2)
[   40.090906] kvm_intel: Unknown symbol kvm_handle_memory_failure (err -2)
[   40.090907] kvm_intel: Unknown symbol kvm_set_dr (err -2)
[   40.090909] kvm_intel: Unknown symbol kvm_set_msi_irq (err -2)
[   40.090912] kvm_intel: Unknown symbol kvm_emulate_hypercall (err -2)
[   40.090917] kvm_intel: Unknown symbol kvm_spurious_fault (err -2)
[   40.090919] kvm_intel: Unknown symbol kvm_has_tsc_control (err -2)
[   40.090921] kvm_intel: Unknown symbol kvm_get_linear_rip (err -2)
[   40.090925] kvm_intel: Unknown symbol kvm_get_msr (err -2)
[   40.090927] kvm_intel: Unknown symbol load_pdptrs (err -2)
[   40.090930] kvm_intel: Unknown symbol kvm_get_running_vcpu (err -2)
[   40.090933] kvm_intel: Unknown symbol kvm_vcpu_read_guest_page (err -2)
[   40.090935] kvm_intel: Unknown symbol kvm_set_cpu_caps (err -2)
[   40.090936] kvm_intel: Unknown symbol kvm_vcpu_exit_request (err -2)
[   40.090940] kvm_intel: Unknown symbol host_efer (err -2)
[   40.090942] kvm_intel: Unknown symbol kvm_max_tsc_scaling_ratio (err -2)
[   40.090945] kvm_intel: Unknown symbol __SCT__tp_func_kvm_pml_full (err -2)
[   40.090947] kvm_intel: Unknown symbol pdptrs_changed (err -2)
[   40.090949] kvm_intel: Unknown symbol kvm_set_cr4 (err -2)
[   40.090951] kvm_intel: Unknown symbol __SCK__tp_func_kvm_exit (err -2)
[   40.090953] kvm_intel: Unknown symbol kvm_release_page_clean (err -2)
[   40.090955] kvm_intel: Unknown symbol kvm_handle_page_fault (err -2)
[   40.090956] kvm_intel: Unknown symbol kvm_cpu_caps (err -2)
[   40.090958] kvm_intel: Unknown symbol kvm_spec_ctrl_test_value (err -2)
[   40.090960] kvm_intel: Unknown symbol __SCT__tp_func_kvm_exit (err -2)
[   40.090962] kvm_intel: Unknown symbol kvm_apic_clear_irr (err -2)
[   40.090966] kvm_intel: Unknown symbol __x86_set_memory_region (err -2)
[   40.090967] kvm_intel: Unknown symbol kvm_load_guest_xsave_state (err -2)
[   40.090969] kvm_intel: Unknown symbol kvm_set_cr0 (err -2)
[   40.090971] kvm_intel: Unknown symbol kvm_set_cr8 (err -2)
[   40.090973] kvm_intel: Unknown symbol kvm_get_dr (err -2)
[   40.090977] kvm_intel: Unknown symbol kvm_mmu_page_fault (err -2)
[   40.090979] kvm_intel: Unknown symbol __SCK__tp_func_kvm_nested_vmexit (err -2)
[   40.090984] kvm_intel: Unknown symbol kvm_emulate_instruction (err -2)
[   40.090988] kvm_intel: Unknown symbol __SCK__tp_func_kvm_pml_full (err -2)
[   40.090990] kvm_intel: Unknown symbol kvm_mtrr_get_guest_memory_type (err -2)
[   40.090993] kvm_intel: Unknown symbol kvm_mmu_reset_context (err -2)
[   40.090995] kvm_intel: Unknown symbol kvm_get_apic_mode (err -2)
[   40.090999] kvm_intel: Unknown symbol kvm_vcpu_read_guest (err -2)
[   40.091001] kvm_intel: Unknown symbol kvm_vcpu_on_spin (err -2)
[   40.091004] kvm_intel: Unknown symbol __SCK__tp_func_kvm_fast_mmio (err -2)
[   40.091005] kvm_intel: Unknown symbol kvm_read_guest (err -2)
[   40.091008] kvm_intel: Unknown symbol kvm_define_user_return_msr (err -2)
[   40.091011] kvm_intel: Unknown symbol kvm_rebooting (err -2)
[   40.091012] kvm_intel: Unknown symbol kvm_get_rflags (err -2)
[   40.091015] kvm_intel: Unknown symbol kvm_queue_exception_e (err -2)
[   40.091017] kvm_intel: Unknown symbol __SCT__tp_func_kvm_inj_virq (err -2)
[   40.091020] kvm_intel: Unknown symbol current_vcpu (err -2)
[   40.091023] kvm_intel: Unknown symbol __SCT__tp_func_kvm_write_tsc_offset (err -2)
[   40.091026] kvm_intel: Unknown symbol __tracepoint_kvm_exit (err -2)
[   40.091027] kvm_intel: Unknown symbol kvm_emulate_cpuid (err -2)
[   40.091029] kvm_intel: Unknown symbol kvm_emulate_wrmsr (err -2)
[   40.091031] kvm_intel: Unknown symbol __SCK__tp_func_kvm_inj_virq (err -2)
[   40.091033] kvm_intel: Unknown symbol kvm_apic_set_eoi_accelerated (err -2)
[   40.091036] kvm_intel: Unknown symbol kvm_vcpu_kick (err -2)
[   40.091038] kvm_intel: Unknown symbol kvm_inject_realmode_interrupt (err -2)
[   40.091039] kvm_intel: Unknown symbol kvm_mmu_invlpg (err -2)
[   40.091041] kvm_intel: Unknown symbol kvm_fast_pio (err -2)
[   40.091043] kvm_intel: Unknown symbol __SCK__tp_func_kvm_ple_window_update (err -2)
[   40.091045] kvm_intel: Unknown symbol kvm_set_msr_common (err -2)
[   40.091047] kvm_intel: Unknown symbol __SCT__tp_func_kvm_nested_vmenter_failed (err -2)
[   40.091049] kvm_intel: Unknown symbol __SCK__tp_func_kvm_nested_vmexit_inject (err -2)
[   40.091050] kvm_intel: Unknown symbol kvm_intr_is_single_vcpu (err -2)
[   40.091053] kvm_intel: Unknown symbol kvm_apic_has_interrupt (err -2)
[   40.091056] kvm_intel: Unknown symbol __SCT__tp_func_kvm_ple_window_update (err -2)
[   40.091058] kvm_intel: Unknown symbol __SCK__tp_func_kvm_write_tsc_offset (err -2)
[   40.091061] kvm_intel: Unknown symbol __tracepoint_kvm_nested_vmexit_inject (err -2)
[   40.091063] kvm_intel: Unknown symbol __SCT__tp_func_kvm_page_fault (err -2)
[   40.091064] kvm_intel: Unknown symbol kvm_require_dr (err -2)
[   40.091066] kvm_intel: Unknown symbol kvm_skip_emulated_instruction (err -2)
[   40.091068] kvm_intel: Unknown symbol kvm_inject_page_fault (err -2)
[   40.091069] kvm_intel: Unknown symbol kvm_cpu_get_interrupt (err -2)
[   40.091073] kvm_intel: Unknown symbol kvm_vcpu_write_guest (err -2)
[   40.091074] kvm_intel: Unknown symbol kvm_complete_insn_gp (err -2)
[   40.091077] kvm_intel: Unknown symbol kvm_mmu_set_mask_ptes (err -2)
[   40.091078] kvm_intel: Unknown symbol kvm_apic_write_nodecode (err -2)
[   40.091080] kvm_intel: Unknown symbol kvm_lapic_hv_timer_in_use (err -2)
[   40.091084] kvm_intel: Unknown symbol allow_smaller_maxphyaddr (err -2)
[   40.105838] <redpill/scsi_notifier.c:65> Probing SCSI device using sd_probe_shim
[   40.106868] aac_srb_callback: srb failed, status = 5
[   40.113201] sd 0:2:1:0: sd_probe: unknown type 0.
[   40.118019] <redpill/scsi_notifier.c:77> Triggering SCSI_EVT_DEV_PROBING notifications
[   40.118769] aac_srb_callback: srb failed, status = 5
[   40.125752] <redpill/scsi_notifier.c:91> Triggering SCSI_EVT_DEV_PROBED notifications - sd_probe() exit=-22
[   40.126816] aac_srb_callback: srb failed, status = 5
[   40.133458] <redpill/scsi_notifier.c:87> Calling original sd_probe()
[   40.137950] sd: probe of 0:2:1:0 failed with error -22
[   40.138776] aac_srb_callback: srb failed, status = 5
[   40.141352] e1000e 0000:00:1f.6 0000:00:1f.6 (uninitialized): registered PHC clock
[   40.142710] sd 0:2:2:0: sd_probe: unknown type 0.
[   40.156838] aac_srb_callback: srb failed, status = 5
[   40.164920] <redpill/scsi_notifier.c:91> Triggering SCSI_EVT_DEV_PROBED notifications - sd_probe() exit=-22
[   40.177881] usb 2-5: new SuperSpeed Gen 1 USB device number 2 using xhci_hcd
[   40.178831] aac_srb_callback: srb failed, status = 5
[   40.178878] scsi 0:3:123:0: Enclosure         ADAPTEC  Smart Adapter            4.90 PQ: 0 ANSI: 5
[   40.180640] sd: probe of 0:2:2:0 failed with error -22
[   40.181068] <redpill/scsi_notifier.c:65> Probing SCSI device using sd_probe_shim
[   40.203988] e1000e 0000:00:1f.6 eth1: (PCI Express:2.5GT/s:Width x1) ac:1f:6b:f6:ed:70
[   40.204716] <redpill/usb_boot_shim.c:90> Device <vid=0781, pid=5583> shimmed to <vid=f400, pid=f400>
[   40.204901] <redpill/scsi_notifier.c:73> sd_probe_shim: new SCSI device connected - not a disk, ignoring
[   40.338199] i40e 0000:02:00.0: MAC address: 00:11:32:4f:72:1d
[   40.341701] e1000e 0000:00:1f.6 eth1: Intel(R) PRO/1000 Network Connection
[   40.348548] i40e 0000:02:00.0: FW LLDP is enabled
[   40.354079] e1000e 0000:00:1f.6 eth1: MAC: 13, PHY: 12, PBA No: 010BFF-0FF
[   40.360739] usb 1-13.1: new low-speed USB device number 3 using xhci_hcd
[   40.365381] i40e 0000:02:00.0 eth2: NIC Link is Up, 10 Gbps Full Duplex, Flow Control: None
[   40.365905] i40e 0000:02:00.0: PCI-Express: Speed 8.0GT/s Width x8
[   40.366403] i40e 0000:02:00.0: User requested queue count/HW max RSS count:  0/16
[   40.366405] i40e 0000:02:00.0: Features: PF-id[0] VFs: 64 VSIs: 66 QP: 16 RSS FD_ATR FD_SB NTUPLE CloudF DCB VxLAN NVGRE PTP VEPA
[   40.381147] i40e 0000:02:00.1: fw 8.6.68629 api 1.15 nvm 8.60 0x8000bd5d 1.3122.0
[   40.384843] kvm_intel: Unknown symbol __tracepoint_kvm_ple_window_update (err -2)
[   40.493793] Got empty serial number. Generate serial number from product.
[   40.501043] kvm_intel: Unknown symbol vcpu_put (err -2)
[   40.507811] drivers/usb/core/hub.c (2984) Same device found. Change serial to ffffffd1ffffffb2ffffffdbffffffa0 
[   40.507878] usb-storage 2-5:1.0: USB Mass Storage device detected
[   40.508207] scsi host1: usb-storage 2-5:1.0
[   40.508273] usbcore: registered new interface driver usb-storage
[   40.514688] kvm_intel: Unknown symbol kvm_arch_has_assigned_device (err -2)
[   40.526109] <redpill/usb_boot_shim.c:72> Found new device <vid=0557, pid=2419> - didn't match expected <vid=0781, pid=5583> (prev_shimmed=1)
[   40.534263] kvm_intel: Unknown symbol kvm_rdpmc (err -2)
[   40.634561] i40e 0000:02:00.1: MAC address: 00:11:32:4f:72:1e
[   40.641147] kvm_intel: Unknown symbol kvm_vcpu_mark_page_dirty (err -2)
[   40.641216] input: USBDevice as /devices/pci0000:00/0000:00:14.0/usb1/1-13/1-13.1/1-13.1:1.0/input/input2
[   40.641255] usbcore: registered new interface driver usbkbd
[   40.641292] input: USBDevice as /devices/pci0000:00/0000:00:14.0/usb1/1-13/1-13.1/1-13.1:1.1/input/input3
[   40.641314] usbcore: registered new interface driver usbmouse
[   40.649387] i40e 0000:02:00.1: FW LLDP is enabled
[   40.719359] kvm_intel: Unknown symbol kvm_vcpu_halt (err -2)
[   40.730834] i40e 0000:02:00.1: PCI-Express: Speed 8.0GT/s Width x8
[   40.732914] kvm_intel: Unknown symbol kvm_clear_guest_page (err -2)
[   40.740663] i40e 0000:02:00.1: User requested queue count/HW max RSS count:  0/16
[   40.747748] kvm_intel: Unknown symbol kvm_requeue_exception (err -2)
[   40.754352] i40e 0000:02:00.1: Features: PF-id[1] VFs: 64 VSIs: 66 QP: 16 RSS FD_ATR FD_SB NTUPLE CloudF DCB VxLAN NVGRE PTP VEPA
[   40.816833] kvm_intel: Unknown symbol reprogram_counter (err -2)
[   40.816880] usbcore: registered new interface driver usbhid
[   40.816881] usbhid: USB HID core driver
[   41.534632] scsi 1:0:0:0: Direct-Access      USB      SanDisk 3.2Gen1         1.00 PQ: 0 ANSI: 6
[   41.538468] kvm_intel: Unknown symbol __SCK__tp_func_kvm_nested_vmenter_failed (err -2)
[   41.544168] <redpill/scsi_notifier.c:65> Probing SCSI device using sd_probe_shim
[   41.552113] kvm_intel: Unknown symbol kvm_exit (err -2)
[   41.560742] <redpill/scsi_notifier.c:77> Triggering SCSI_EVT_DEV_PROBING notifications
[   41.570679] kvm_intel: Unknown symbol kvm_init (err -2)
[   41.580998] <redpill/scsi_notifier.c:87> Calling original sd_probe()
[   41.581334] sd 1:0:0:0: [synoboot] 120176640 512-byte logical blocks: (61.5 GB/57.3 GiB)
[   41.587265] kvm_intel: Unknown symbol kvm_deliver_exception_payload (err -2)
[   41.595113] sd 1:0:0:0: [synoboot] Write Protect is off
